========================================
[2025-11-22 00:12:23] Running: Go Tests
========================================
🧪 Testing Go Node
==================
Project root: /Users/abhinavnehra/Downloads/Learning_AI/WGT
Go directory: /Users/abhinavnehra/Downloads/Learning_AI/WGT/go

1. Testing build...
# github.com/pangea-net/go-node
/opt/homebrew/Cellar/go/1.25.4/libexec/pkg/tool/darwin_arm64/link: running cc failed: exit status 1
/usr/bin/cc -arch arm64 -Wl,-headerpad,1144 -o $WORK/b001/exe/a.out -Qunused-arguments /var/folders/bz/8z6v5xjd19n72nvjd8kfph6m0000gn/T/go-link-201967412/go.o /var/folders/bz/8z6v5xjd19n72nvjd8kfph6m0000gn/T/go-link-201967412/000000.o /var/folders/bz/8z6v5xjd19n72nvjd8kfph6m0000gn/T/go-link-201967412/000001.o /var/folders/bz/8z6v5xjd19n72nvjd8kfph6m0000gn/T/go-link-201967412/000002.o /var/folders/bz/8z6v5xjd19n72nvjd8kfph6m0000gn/T/go-link-201967412/000003.o /var/folders/bz/8z6v5xjd19n72nvjd8kfph6m0000gn/T/go-link-201967412/000004.o /var/folders/bz/8z6v5xjd19n72nvjd8kfph6m0000gn/T/go-link-201967412/000005.o /var/folders/bz/8z6v5xjd19n72nvjd8kfph6m0000gn/T/go-link-201967412/000006.o /var/folders/bz/8z6v5xjd19n72nvjd8kfph6m0000gn/T/go-link-201967412/000007.o /var/folders/bz/8z6v5xjd19n72nvjd8kfph6m0000gn/T/go-link-201967412/000008.o /var/folders/bz/8z6v5xjd19n72nvjd8kfph6m0000gn/T/go-link-201967412/000009.o /var/folders/bz/8z6v5xjd19n72nvjd8kfph6m0000gn/T/go-link-201967412/000010.o /var/folders/bz/8z6v5xjd19n72nvjd8kfph6m0000gn/T/go-link-201967412/000011.o /var/folders/bz/8z6v5xjd19n72nvjd8kfph6m0000gn/T/go-link-201967412/000012.o /var/folders/bz/8z6v5xjd19n72nvjd8kfph6m0000gn/T/go-link-201967412/000013.o /var/folders/bz/8z6v5xjd19n72nvjd8kfph6m0000gn/T/go-link-201967412/000014.o -O2 -g -L/Users/abhinavnehra/Downloads/Learning_AI/WGT/rust/target/release -lpangea_ces -O2 -g -framework CoreFoundation -lresolv -O2 -g -framework CoreFoundation -framework Security
ld: warning: search path '/Users/abhinavnehra/Downloads/Learning_AI/WGT/rust/target/release' not found
ld: library 'pangea_ces' not found
clang: error: linker command failed with exit code 1 (use -v to see invocation)

[0;31m❌ Build failed[0m
[FAILED] Go Tests
========================================
[2025-11-22 00:18:40] Running: Go Tests
========================================
🧪 Testing Go Node
==================
Project root: /Users/abhinavnehra/Downloads/Learning_AI/WGT
Go directory: /Users/abhinavnehra/Downloads/Learning_AI/WGT/go

1. Testing build...
[0;32m✅ Build successful[0m

2. Checking binary...
[0;32m✅ Binary created[0m

3. Testing help command...
[0;32m✅ Help command works[0m

4. Testing port availability...
[0;32m✅ Port 8080 is available[0m

5. Checking schema file...
[0;32m✅ Schema file exists at /Users/abhinavnehra/Downloads/Learning_AI/WGT/go/schema/schema.capnp[0m

[0;32m✅ All Go tests passed![0m
[PASSED] Go Tests

========================================
[2025-11-22 00:18:46] Running: Python Tests
========================================
🧪 Testing Python Component
===========================
Project root: /Users/abhinavnehra/Downloads/Learning_AI/WGT
Python directory: /Users/abhinavnehra/Downloads/Learning_AI/WGT/python

1. Checking Python version...
   Python version: 3.14.0
[0;32m✅ Python version OK[0m

2. Checking dependencies...
[0;32m✅ requirements.txt exists[0m
[1;33m⚠️  Click not installed (run: pip install -r requirements.txt)[0m

3. Checking module structure...
[0;32m✅ src/__init__.py exists[0m
[0;32m✅ src/client/go_client.py exists[0m
[0;32m✅ src/data/timeseries.py exists[0m
[0;32m✅ src/ai/cnn_model.py exists[0m
[0;32m✅ src/cli.py exists[0m

4. Testing Python syntax...
[0;32m✅ go_client.py syntax OK[0m
[0;32m✅ timeseries.py syntax OK[0m
[0;32m✅ peer_health.py syntax OK[0m
[0;32m✅ cnn_model.py syntax OK[0m

5. Testing CLI...
[1;33m⚠️  CLI help test skipped (dependencies may not be installed)[0m

6. Checking PyTorch...
PyTorch 2.9.1
[1;33m⚠️  PyTorch available but CUDA not available (will use CPU)[0m

[0;32m✅ All Python tests passed![0m
[1;33mNote: Some features require dependencies. Install with: pip install -r requirements.txt[0m
[PASSED] Python Tests

========================================
[2025-11-22 00:18:50] Running: Rust Tests
========================================
======================================
Pangea Rust Node - Test Suite
======================================
1. Checking Rust installation...
✓ Rust version: rustc 1.89.0 (29483883e 2025-08-04)

2. Checking for Cap'n Proto...
✓ Cap'n Proto version: Cap'n Proto version 1.2.0

3. Building Rust node...
warning: pangea-rust-node@0.1.0: Cap'n Proto schema compiled successfully
warning: unused import: `std::path::Path`
  --> src/ces.rs:11:5
   |
11 | use std::path::Path;
   |     ^^^^^^^^^^^^^^^
   |
   = note: `#[warn(unused_imports)]` on by default

warning: type `HealingStatus` is more private than the item `AutoHealer::get_healing_status`
   --> src/auto_heal.rs:321:5
    |
321 |     pub async fn get_healing_status(&self) -> Vec<HealingStatus> {
    |     ^^^^^^^^^^^^^^^^^^^^^^^^^^^^^^^^^^^^^^^^^^^^^^^^^^^^^^^^^^^^ method `AutoHealer::get_healing_status` is reachable at visibility `pub`
    |
note: but type `HealingStatus` is only usable at visibility `pub(self)`
   --> src/auto_heal.rs:42:1
    |
42  | struct HealingStatus {
    | ^^^^^^^^^^^^^^^^^^^^
    = note: `#[warn(private_interfaces)]` on by default

warning: method `compress` is never used
   --> src/ces.rs:118:8
    |
23  | impl CesPipeline {
    | ---------------- method in this implementation
...
118 |     fn compress(&self, data: &[u8]) -> Result<Vec<u8>> {
    |        ^^^^^^^^
    |
    = note: `#[warn(dead_code)]` on by default

warning: field `timestamp` is never read
  --> src/cache.rs:37:5
   |
35 | struct CachedShard {
   |        ----------- field in this struct
36 |     data: Vec<u8>,
37 |     timestamp: i64,
   |     ^^^^^^^^^
   |
   = note: `CachedShard` has derived impls for the traits `Clone` and `Debug`, but these are intentionally ignored during dead code analysis

warning: fields `file_hash`, `current_copies`, and `needed_copies` are never read
  --> src/auto_heal.rs:43:5
   |
42 | struct HealingStatus {
   |        ------------- fields in this struct
43 |     file_hash: String,
   |     ^^^^^^^^^
44 |     current_copies: usize,
   |     ^^^^^^^^^^^^^^
45 |     needed_copies: usize,
   |     ^^^^^^^^^^^^^
   |
   = note: `HealingStatus` has derived impls for the traits `Clone` and `Debug`, but these are intentionally ignored during dead code analysis

warning: field `go_client` is never read
  --> src/auto_heal.rs:55:5
   |
51 | pub struct AutoHealer {
   |            ---------- field in this struct
...
55 |     go_client: Arc<GoClient>,
   |     ^^^^^^^^^

warning: `pangea-rust-node` (lib) generated 6 warnings (run `cargo fix --lib -p pangea-rust-node` to apply 1 suggestion)
   Compiling pangea-rust-node v0.1.0 (/Users/abhinavnehra/Downloads/Learning_AI/WGT/rust)
    Finished `release` profile [optimized] target(s) in 7.50s
✓ Build successful

4. Running unit tests...
   Compiling bitflags v2.10.0
   Compiling rustix v1.1.2
   Compiling errno v0.3.14
   Compiling fastrand v2.3.0
warning: pangea-rust-node@0.1.0: Cap'n Proto schema compiled successfully
   Compiling system-configuration v0.6.1
   Compiling security-framework v3.5.1
   Compiling if-watch v3.2.1
   Compiling libp2p-tcp v0.42.0
   Compiling rustls-platform-verifier v0.6.2
   Compiling quinn-proto v0.11.13
   Compiling libp2p v0.54.1
   Compiling tempfile v3.23.0
   Compiling quinn v0.11.9
   Compiling pangea-rust-node v0.1.0 (/Users/abhinavnehra/Downloads/Learning_AI/WGT/rust)
warning: unused import: `std::path::Path`
  --> src/ces.rs:11:5
   |
11 | use std::path::Path;
   |     ^^^^^^^^^^^^^^^
   |
   = note: `#[warn(unused_imports)]` on by default

error[E0063]: missing field `parity_count` in initializer of `cache::FileManifest`
   --> src/cache.rs:384:24
    |
384 |         let manifest = FileManifest {
    |                        ^^^^^^^^^^^^ missing `parity_count`

error[E0063]: missing field `parity_count` in initializer of `cache::FileManifest`
   --> src/lookup.rs:292:24
    |
292 |         let manifest = FileManifest {
    |                        ^^^^^^^^^^^^ missing `parity_count`

error[E0063]: missing field `parity_count` in initializer of `cache::FileManifest`
   --> src/lookup.rs:319:28
    |
319 |             let manifest = FileManifest {
    |                            ^^^^^^^^^^^^ missing `parity_count`

warning: unused variable: `upload`
   --> src/upload.rs:134:13
    |
134 |         let upload = UploadProtocol::new(ces, go_client);
    |             ^^^^^^ help: if this is intentional, prefix it with an underscore: `_upload`
    |
    = note: `#[warn(unused_variables)]` on by default

warning: unused variable: `download`
   --> src/download.rs:157:13
    |
157 |         let download = DownloadProtocol::new(ces, go_client);
    |             ^^^^^^^^ help: if this is intentional, prefix it with an underscore: `_download`

For more information about this error, try `rustc --explain E0063`.
warning: `pangea-rust-node` (lib test) generated 3 warnings
warning: pangea-rust-node@0.1.0: Cap'n Proto schema compiled successfully
error: could not compile `pangea-rust-node` (lib test) due to 3 previous errors; 3 warnings emitted
[FAILED] Rust Tests
========================================
[2025-11-22 00:19:51] Running: Go Tests
========================================
🧪 Testing Go Node
==================
Project root: /Users/abhinavnehra/Downloads/Learning_AI/WGT
Go directory: /Users/abhinavnehra/Downloads/Learning_AI/WGT/go

1. Testing build...
[0;32m✅ Build successful[0m

2. Checking binary...
[0;32m✅ Binary created[0m

3. Testing help command...
[0;32m✅ Help command works[0m

4. Testing port availability...
[0;32m✅ Port 8080 is available[0m

5. Checking schema file...
[0;32m✅ Schema file exists at /Users/abhinavnehra/Downloads/Learning_AI/WGT/go/schema/schema.capnp[0m

[0;32m✅ All Go tests passed![0m
[PASSED] Go Tests

========================================
[2025-11-22 00:19:52] Running: Python Tests
========================================
🧪 Testing Python Component
===========================
Project root: /Users/abhinavnehra/Downloads/Learning_AI/WGT
Python directory: /Users/abhinavnehra/Downloads/Learning_AI/WGT/python

1. Checking Python version...
   Python version: 3.14.0
[0;32m✅ Python version OK[0m

2. Checking dependencies...
[0;32m✅ requirements.txt exists[0m
[1;33m⚠️  Click not installed (run: pip install -r requirements.txt)[0m

3. Checking module structure...
[0;32m✅ src/__init__.py exists[0m
[0;32m✅ src/client/go_client.py exists[0m
[0;32m✅ src/data/timeseries.py exists[0m
[0;32m✅ src/ai/cnn_model.py exists[0m
[0;32m✅ src/cli.py exists[0m

4. Testing Python syntax...
[0;32m✅ go_client.py syntax OK[0m
[0;32m✅ timeseries.py syntax OK[0m
[0;32m✅ peer_health.py syntax OK[0m
[0;32m✅ cnn_model.py syntax OK[0m

5. Testing CLI...
[1;33m⚠️  CLI help test skipped (dependencies may not be installed)[0m

6. Checking PyTorch...
PyTorch 2.9.1
[1;33m⚠️  PyTorch available but CUDA not available (will use CPU)[0m

[0;32m✅ All Python tests passed![0m
[1;33mNote: Some features require dependencies. Install with: pip install -r requirements.txt[0m
[PASSED] Python Tests

========================================
[2025-11-22 00:19:54] Running: Rust Tests
========================================
======================================
Pangea Rust Node - Test Suite
======================================
1. Checking Rust installation...
✓ Rust version: rustc 1.89.0 (29483883e 2025-08-04)

2. Checking for Cap'n Proto...
✓ Cap'n Proto version: Cap'n Proto version 1.2.0

3. Building Rust node...
warning: pangea-rust-node@0.1.0: Cap'n Proto schema compiled successfully
warning: unused import: `std::path::Path`
  --> src/ces.rs:11:5
   |
11 | use std::path::Path;
   |     ^^^^^^^^^^^^^^^
   |
   = note: `#[warn(unused_imports)]` on by default

warning: type `HealingStatus` is more private than the item `AutoHealer::get_healing_status`
   --> src/auto_heal.rs:321:5
    |
321 |     pub async fn get_healing_status(&self) -> Vec<HealingStatus> {
    |     ^^^^^^^^^^^^^^^^^^^^^^^^^^^^^^^^^^^^^^^^^^^^^^^^^^^^^^^^^^^^ method `AutoHealer::get_healing_status` is reachable at visibility `pub`
    |
note: but type `HealingStatus` is only usable at visibility `pub(self)`
   --> src/auto_heal.rs:42:1
    |
42  | struct HealingStatus {
    | ^^^^^^^^^^^^^^^^^^^^
    = note: `#[warn(private_interfaces)]` on by default

warning: method `compress` is never used
   --> src/ces.rs:118:8
    |
23  | impl CesPipeline {
    | ---------------- method in this implementation
...
118 |     fn compress(&self, data: &[u8]) -> Result<Vec<u8>> {
    |        ^^^^^^^^
    |
    = note: `#[warn(dead_code)]` on by default

warning: field `timestamp` is never read
  --> src/cache.rs:37:5
   |
35 | struct CachedShard {
   |        ----------- field in this struct
36 |     data: Vec<u8>,
37 |     timestamp: i64,
   |     ^^^^^^^^^
   |
   = note: `CachedShard` has derived impls for the traits `Clone` and `Debug`, but these are intentionally ignored during dead code analysis

warning: fields `file_hash`, `current_copies`, and `needed_copies` are never read
  --> src/auto_heal.rs:43:5
   |
42 | struct HealingStatus {
   |        ------------- fields in this struct
43 |     file_hash: String,
   |     ^^^^^^^^^
44 |     current_copies: usize,
   |     ^^^^^^^^^^^^^^
45 |     needed_copies: usize,
   |     ^^^^^^^^^^^^^
   |
   = note: `HealingStatus` has derived impls for the traits `Clone` and `Debug`, but these are intentionally ignored during dead code analysis

warning: field `go_client` is never read
  --> src/auto_heal.rs:55:5
   |
51 | pub struct AutoHealer {
   |            ---------- field in this struct
...
55 |     go_client: Arc<GoClient>,
   |     ^^^^^^^^^

warning: `pangea-rust-node` (lib) generated 6 warnings (run `cargo fix --lib -p pangea-rust-node` to apply 1 suggestion)
   Compiling pangea-rust-node v0.1.0 (/Users/abhinavnehra/Downloads/Learning_AI/WGT/rust)
    Finished `release` profile [optimized] target(s) in 6.78s
✓ Build successful

4. Running unit tests...
warning: pangea-rust-node@0.1.0: Cap'n Proto schema compiled successfully
   Compiling pangea-rust-node v0.1.0 (/Users/abhinavnehra/Downloads/Learning_AI/WGT/rust)
warning: unused import: `std::path::Path`
  --> src/ces.rs:11:5
   |
11 | use std::path::Path;
   |     ^^^^^^^^^^^^^^^
   |
   = note: `#[warn(unused_imports)]` on by default

warning: unused variable: `upload`
   --> src/upload.rs:134:13
    |
134 |         let upload = UploadProtocol::new(ces, go_client);
    |             ^^^^^^ help: if this is intentional, prefix it with an underscore: `_upload`
    |
    = note: `#[warn(unused_variables)]` on by default

warning: unused variable: `download`
   --> src/download.rs:157:13
    |
157 |         let download = DownloadProtocol::new(ces, go_client);
    |             ^^^^^^^^ help: if this is intentional, prefix it with an underscore: `_download`

warning: type `HealingStatus` is more private than the item `AutoHealer::get_healing_status`
   --> src/auto_heal.rs:321:5
    |
321 |     pub async fn get_healing_status(&self) -> Vec<HealingStatus> {
    |     ^^^^^^^^^^^^^^^^^^^^^^^^^^^^^^^^^^^^^^^^^^^^^^^^^^^^^^^^^^^^ method `AutoHealer::get_healing_status` is reachable at visibility `pub`
    |
note: but type `HealingStatus` is only usable at visibility `pub(self)`
   --> src/auto_heal.rs:42:1
    |
42  | struct HealingStatus {
    | ^^^^^^^^^^^^^^^^^^^^
    = note: `#[warn(private_interfaces)]` on by default

warning: field `timestamp` is never read
  --> src/cache.rs:37:5
   |
35 | struct CachedShard {
   |        ----------- field in this struct
36 |     data: Vec<u8>,
37 |     timestamp: i64,
   |     ^^^^^^^^^
   |
   = note: `CachedShard` has derived impls for the traits `Clone` and `Debug`, but these are intentionally ignored during dead code analysis
   = note: `#[warn(dead_code)]` on by default

warning: fields `file_hash`, `current_copies`, and `needed_copies` are never read
  --> src/auto_heal.rs:43:5
   |
42 | struct HealingStatus {
   |        ------------- fields in this struct
43 |     file_hash: String,
   |     ^^^^^^^^^
44 |     current_copies: usize,
   |     ^^^^^^^^^^^^^^
45 |     needed_copies: usize,
   |     ^^^^^^^^^^^^^
   |
   = note: `HealingStatus` has derived impls for the traits `Clone` and `Debug`, but these are intentionally ignored during dead code analysis

warning: field `go_client` is never read
  --> src/auto_heal.rs:55:5
   |
51 | pub struct AutoHealer {
   |            ---------- field in this struct
...
55 |     go_client: Arc<GoClient>,
   |     ^^^^^^^^^

warning: `pangea-rust-node` (lib test) generated 7 warnings (run `cargo fix --lib -p pangea-rust-node --tests` to apply 1 suggestion)
    Finished `release` profile [optimized] target(s) in 3.02s
     Running unittests src/lib.rs (target/release/deps/pangea_ces-fd280b84059c23e5)

running 19 tests
test auto_heal::tests::test_config_defaults ... ok
test ces::tests::test_encryption ... ok
test ces::tests::test_compression ... ok
test cache::tests::test_cache_eviction ... ok
test cache::tests::test_shard_cache ... ok
test file_detector::tests::test_compression_levels ... ok
test file_detector::tests::test_extension_detection ... ok
test file_detector::tests::test_file_type_names ... ok
test ces::tests::test_sharding ... ok
test file_detector::tests::test_magic_bytes ... ok
test firewall::tests::test_firewall_allowlist ... ok
test go_client::tests::test_go_client_creation ... ok
test cache::tests::test_manifest_cache ... ok
test ffi::tests::test_ffi_roundtrip ... ok
test ces::tests::test_full_pipeline ... ok
test lookup::tests::test_lookup_cached_file ... ok
test lookup::tests::test_search_files ... ok
test download::tests::test_download_protocol_creation ... ok
test upload::tests::test_upload_protocol_creation ... ok

test result: ok. 19 passed; 0 failed; 0 ignored; 0 measured; 0 filtered out; finished in 0.28s

✓ Unit tests passed

5. Running integration tests...
warning: pangea-rust-node@0.1.0: Cap'n Proto schema compiled successfully
   Compiling pangea-rust-node v0.1.0 (/Users/abhinavnehra/Downloads/Learning_AI/WGT/rust)
warning: unused import: `std::path::Path`
  --> src/ces.rs:11:5
   |
11 | use std::path::Path;
   |     ^^^^^^^^^^^^^^^
   |
   = note: `#[warn(unused_imports)]` on by default

warning: type `HealingStatus` is more private than the item `AutoHealer::get_healing_status`
   --> src/auto_heal.rs:321:5
    |
321 |     pub async fn get_healing_status(&self) -> Vec<HealingStatus> {
    |     ^^^^^^^^^^^^^^^^^^^^^^^^^^^^^^^^^^^^^^^^^^^^^^^^^^^^^^^^^^^^ method `AutoHealer::get_healing_status` is reachable at visibility `pub`
    |
note: but type `HealingStatus` is only usable at visibility `pub(self)`
   --> src/auto_heal.rs:42:1
    |
42  | struct HealingStatus {
    | ^^^^^^^^^^^^^^^^^^^^
    = note: `#[warn(private_interfaces)]` on by default

warning: method `compress` is never used
   --> src/ces.rs:118:8
    |
23  | impl CesPipeline {
    | ---------------- method in this implementation
...
118 |     fn compress(&self, data: &[u8]) -> Result<Vec<u8>> {
    |        ^^^^^^^^
    |
    = note: `#[warn(dead_code)]` on by default

warning: field `timestamp` is never read
  --> src/cache.rs:37:5
   |
35 | struct CachedShard {
   |        ----------- field in this struct
36 |     data: Vec<u8>,
37 |     timestamp: i64,
   |     ^^^^^^^^^
   |
   = note: `CachedShard` has derived impls for the traits `Clone` and `Debug`, but these are intentionally ignored during dead code analysis

warning: fields `file_hash`, `current_copies`, and `needed_copies` are never read
  --> src/auto_heal.rs:43:5
   |
42 | struct HealingStatus {
   |        ------------- fields in this struct
43 |     file_hash: String,
   |     ^^^^^^^^^
44 |     current_copies: usize,
   |     ^^^^^^^^^^^^^^
45 |     needed_copies: usize,
   |     ^^^^^^^^^^^^^
   |
   = note: `HealingStatus` has derived impls for the traits `Clone` and `Debug`, but these are intentionally ignored during dead code analysis

warning: field `go_client` is never read
  --> src/auto_heal.rs:55:5
   |
51 | pub struct AutoHealer {
   |            ---------- field in this struct
...
55 |     go_client: Arc<GoClient>,
   |     ^^^^^^^^^

warning: `pangea-rust-node` (lib) generated 6 warnings (run `cargo fix --lib -p pangea-rust-node` to apply 1 suggestion)
error[E0432]: unresolved import `pangea_rust_node`
 --> tests/integration_test.rs:1:5
  |
1 | use pangea_rust_node::*;
  |     ^^^^^^^^^^^^^^^^ use of unresolved module or unlinked crate `pangea_rust_node`
  |
  = help: if you wanted to use a crate named `pangea_rust_node`, use `cargo add pangea_rust_node` to add it to your `Cargo.toml`

warning: unused import: `super::*`
 --> tests/integration_test.rs:5:9
  |
5 |     use super::*;
  |         ^^^^^^^^
  |
  = note: `#[warn(unused_imports)]` on by default

For more information about this error, try `rustc --explain E0432`.
warning: `pangea-rust-node` (test "integration_test") generated 1 warning
warning: pangea-rust-node@0.1.0: Cap'n Proto schema compiled successfully
error: could not compile `pangea-rust-node` (test "integration_test") due to 1 previous error; 1 warning emitted
warning: build failed, waiting for other jobs to finish...
[FAILED] Rust Tests
========================================
[2025-11-22 00:20:36] Running: Go Tests
========================================
🧪 Testing Go Node
==================
Project root: /Users/abhinavnehra/Downloads/Learning_AI/WGT
Go directory: /Users/abhinavnehra/Downloads/Learning_AI/WGT/go

1. Testing build...
[0;32m✅ Build successful[0m

2. Checking binary...
[0;32m✅ Binary created[0m

3. Testing help command...
[0;32m✅ Help command works[0m

4. Testing port availability...
[0;32m✅ Port 8080 is available[0m

5. Checking schema file...
[0;32m✅ Schema file exists at /Users/abhinavnehra/Downloads/Learning_AI/WGT/go/schema/schema.capnp[0m

[0;32m✅ All Go tests passed![0m
[PASSED] Go Tests

========================================
[2025-11-22 00:20:37] Running: Python Tests
========================================
🧪 Testing Python Component
===========================
Project root: /Users/abhinavnehra/Downloads/Learning_AI/WGT
Python directory: /Users/abhinavnehra/Downloads/Learning_AI/WGT/python

1. Checking Python version...
   Python version: 3.14.0
[0;32m✅ Python version OK[0m

2. Checking dependencies...
[0;32m✅ requirements.txt exists[0m
[1;33m⚠️  Click not installed (run: pip install -r requirements.txt)[0m

3. Checking module structure...
[0;32m✅ src/__init__.py exists[0m
[0;32m✅ src/client/go_client.py exists[0m
[0;32m✅ src/data/timeseries.py exists[0m
[0;32m✅ src/ai/cnn_model.py exists[0m
[0;32m✅ src/cli.py exists[0m

4. Testing Python syntax...
[0;32m✅ go_client.py syntax OK[0m
[0;32m✅ timeseries.py syntax OK[0m
[0;32m✅ peer_health.py syntax OK[0m
[0;32m✅ cnn_model.py syntax OK[0m

5. Testing CLI...
[1;33m⚠️  CLI help test skipped (dependencies may not be installed)[0m

6. Checking PyTorch...
PyTorch 2.9.1
[1;33m⚠️  PyTorch available but CUDA not available (will use CPU)[0m

[0;32m✅ All Python tests passed![0m
[1;33mNote: Some features require dependencies. Install with: pip install -r requirements.txt[0m
[PASSED] Python Tests

========================================
[2025-11-22 00:20:40] Running: Rust Tests
========================================
======================================
Pangea Rust Node - Test Suite
======================================
1. Checking Rust installation...
✓ Rust version: rustc 1.89.0 (29483883e 2025-08-04)

2. Checking for Cap'n Proto...
✓ Cap'n Proto version: Cap'n Proto version 1.2.0

3. Building Rust node...
warning: pangea-rust-node@0.1.0: Cap'n Proto schema compiled successfully
warning: unused import: `std::path::Path`
  --> src/ces.rs:11:5
   |
11 | use std::path::Path;
   |     ^^^^^^^^^^^^^^^
   |
   = note: `#[warn(unused_imports)]` on by default

warning: type `HealingStatus` is more private than the item `AutoHealer::get_healing_status`
   --> src/auto_heal.rs:321:5
    |
321 |     pub async fn get_healing_status(&self) -> Vec<HealingStatus> {
    |     ^^^^^^^^^^^^^^^^^^^^^^^^^^^^^^^^^^^^^^^^^^^^^^^^^^^^^^^^^^^^ method `AutoHealer::get_healing_status` is reachable at visibility `pub`
    |
note: but type `HealingStatus` is only usable at visibility `pub(self)`
   --> src/auto_heal.rs:42:1
    |
42  | struct HealingStatus {
    | ^^^^^^^^^^^^^^^^^^^^
    = note: `#[warn(private_interfaces)]` on by default

warning: method `compress` is never used
   --> src/ces.rs:118:8
    |
23  | impl CesPipeline {
    | ---------------- method in this implementation
...
118 |     fn compress(&self, data: &[u8]) -> Result<Vec<u8>> {
    |        ^^^^^^^^
    |
    = note: `#[warn(dead_code)]` on by default

warning: field `timestamp` is never read
  --> src/cache.rs:37:5
   |
35 | struct CachedShard {
   |        ----------- field in this struct
36 |     data: Vec<u8>,
37 |     timestamp: i64,
   |     ^^^^^^^^^
   |
   = note: `CachedShard` has derived impls for the traits `Clone` and `Debug`, but these are intentionally ignored during dead code analysis

warning: fields `file_hash`, `current_copies`, and `needed_copies` are never read
  --> src/auto_heal.rs:43:5
   |
42 | struct HealingStatus {
   |        ------------- fields in this struct
43 |     file_hash: String,
   |     ^^^^^^^^^
44 |     current_copies: usize,
   |     ^^^^^^^^^^^^^^
45 |     needed_copies: usize,
   |     ^^^^^^^^^^^^^
   |
   = note: `HealingStatus` has derived impls for the traits `Clone` and `Debug`, but these are intentionally ignored during dead code analysis

warning: field `go_client` is never read
  --> src/auto_heal.rs:55:5
   |
51 | pub struct AutoHealer {
   |            ---------- field in this struct
...
55 |     go_client: Arc<GoClient>,
   |     ^^^^^^^^^

warning: `pangea-rust-node` (lib) generated 6 warnings (run `cargo fix --lib -p pangea-rust-node` to apply 1 suggestion)
   Compiling pangea-rust-node v0.1.0 (/Users/abhinavnehra/Downloads/Learning_AI/WGT/rust)
    Finished `release` profile [optimized] target(s) in 6.48s
✓ Build successful

4. Running unit tests...
warning: pangea-rust-node@0.1.0: Cap'n Proto schema compiled successfully
warning: unused import: `std::path::Path`
  --> src/ces.rs:11:5
   |
11 | use std::path::Path;
   |     ^^^^^^^^^^^^^^^
   |
   = note: `#[warn(unused_imports)]` on by default

warning: unused variable: `upload`
   --> src/upload.rs:134:13
    |
134 |         let upload = UploadProtocol::new(ces, go_client);
    |             ^^^^^^ help: if this is intentional, prefix it with an underscore: `_upload`
    |
    = note: `#[warn(unused_variables)]` on by default

warning: unused variable: `download`
   --> src/download.rs:157:13
    |
157 |         let download = DownloadProtocol::new(ces, go_client);
    |             ^^^^^^^^ help: if this is intentional, prefix it with an underscore: `_download`

warning: type `HealingStatus` is more private than the item `AutoHealer::get_healing_status`
   --> src/auto_heal.rs:321:5
    |
321 |     pub async fn get_healing_status(&self) -> Vec<HealingStatus> {
    |     ^^^^^^^^^^^^^^^^^^^^^^^^^^^^^^^^^^^^^^^^^^^^^^^^^^^^^^^^^^^^ method `AutoHealer::get_healing_status` is reachable at visibility `pub`
    |
note: but type `HealingStatus` is only usable at visibility `pub(self)`
   --> src/auto_heal.rs:42:1
    |
42  | struct HealingStatus {
    | ^^^^^^^^^^^^^^^^^^^^
    = note: `#[warn(private_interfaces)]` on by default

warning: field `timestamp` is never read
  --> src/cache.rs:37:5
   |
35 | struct CachedShard {
   |        ----------- field in this struct
36 |     data: Vec<u8>,
37 |     timestamp: i64,
   |     ^^^^^^^^^
   |
   = note: `CachedShard` has derived impls for the traits `Clone` and `Debug`, but these are intentionally ignored during dead code analysis
   = note: `#[warn(dead_code)]` on by default

warning: fields `file_hash`, `current_copies`, and `needed_copies` are never read
  --> src/auto_heal.rs:43:5
   |
42 | struct HealingStatus {
   |        ------------- fields in this struct
43 |     file_hash: String,
   |     ^^^^^^^^^
44 |     current_copies: usize,
   |     ^^^^^^^^^^^^^^
45 |     needed_copies: usize,
   |     ^^^^^^^^^^^^^
   |
   = note: `HealingStatus` has derived impls for the traits `Clone` and `Debug`, but these are intentionally ignored during dead code analysis

warning: field `go_client` is never read
  --> src/auto_heal.rs:55:5
   |
51 | pub struct AutoHealer {
   |            ---------- field in this struct
...
55 |     go_client: Arc<GoClient>,
   |     ^^^^^^^^^

warning: `pangea-rust-node` (lib test) generated 7 warnings (run `cargo fix --lib -p pangea-rust-node --tests` to apply 1 suggestion)
    Finished `release` profile [optimized] target(s) in 0.15s
     Running unittests src/lib.rs (target/release/deps/pangea_ces-fd280b84059c23e5)

running 19 tests
test auto_heal::tests::test_config_defaults ... ok
test ces::tests::test_encryption ... ok
test cache::tests::test_cache_eviction ... ok
test cache::tests::test_shard_cache ... ok
test file_detector::tests::test_compression_levels ... ok
test ces::tests::test_sharding ... ok
test file_detector::tests::test_extension_detection ... ok
test file_detector::tests::test_file_type_names ... ok
test file_detector::tests::test_magic_bytes ... ok
test go_client::tests::test_go_client_creation ... ok
test firewall::tests::test_firewall_allowlist ... ok
test ces::tests::test_compression ... ok
test cache::tests::test_manifest_cache ... ok
test lookup::tests::test_lookup_cached_file ... ok
test ces::tests::test_full_pipeline ... ok
test ffi::tests::test_ffi_roundtrip ... ok
test lookup::tests::test_search_files ... ok
test download::tests::test_download_protocol_creation ... ok
test upload::tests::test_upload_protocol_creation ... ok

test result: ok. 19 passed; 0 failed; 0 ignored; 0 measured; 0 filtered out; finished in 0.25s

✓ Unit tests passed

5. Running integration tests...
warning: pangea-rust-node@0.1.0: Cap'n Proto schema compiled successfully
   Compiling pangea-rust-node v0.1.0 (/Users/abhinavnehra/Downloads/Learning_AI/WGT/rust)
warning: unused import: `std::path::Path`
  --> src/ces.rs:11:5
   |
11 | use std::path::Path;
   |     ^^^^^^^^^^^^^^^
   |
   = note: `#[warn(unused_imports)]` on by default

warning: type `HealingStatus` is more private than the item `AutoHealer::get_healing_status`
   --> src/auto_heal.rs:321:5
    |
321 |     pub async fn get_healing_status(&self) -> Vec<HealingStatus> {
    |     ^^^^^^^^^^^^^^^^^^^^^^^^^^^^^^^^^^^^^^^^^^^^^^^^^^^^^^^^^^^^ method `AutoHealer::get_healing_status` is reachable at visibility `pub`
    |
note: but type `HealingStatus` is only usable at visibility `pub(self)`
   --> src/auto_heal.rs:42:1
    |
42  | struct HealingStatus {
    | ^^^^^^^^^^^^^^^^^^^^
    = note: `#[warn(private_interfaces)]` on by default

warning: method `compress` is never used
   --> src/ces.rs:118:8
    |
23  | impl CesPipeline {
    | ---------------- method in this implementation
...
118 |     fn compress(&self, data: &[u8]) -> Result<Vec<u8>> {
    |        ^^^^^^^^
    |
    = note: `#[warn(dead_code)]` on by default

warning: field `timestamp` is never read
  --> src/cache.rs:37:5
   |
35 | struct CachedShard {
   |        ----------- field in this struct
36 |     data: Vec<u8>,
37 |     timestamp: i64,
   |     ^^^^^^^^^
   |
   = note: `CachedShard` has derived impls for the traits `Clone` and `Debug`, but these are intentionally ignored during dead code analysis

warning: fields `file_hash`, `current_copies`, and `needed_copies` are never read
  --> src/auto_heal.rs:43:5
   |
42 | struct HealingStatus {
   |        ------------- fields in this struct
43 |     file_hash: String,
   |     ^^^^^^^^^
44 |     current_copies: usize,
   |     ^^^^^^^^^^^^^^
45 |     needed_copies: usize,
   |     ^^^^^^^^^^^^^
   |
   = note: `HealingStatus` has derived impls for the traits `Clone` and `Debug`, but these are intentionally ignored during dead code analysis

warning: field `go_client` is never read
  --> src/auto_heal.rs:55:5
   |
51 | pub struct AutoHealer {
   |            ---------- field in this struct
...
55 |     go_client: Arc<GoClient>,
   |     ^^^^^^^^^

warning: `pangea-rust-node` (lib) generated 6 warnings (run `cargo fix --lib -p pangea-rust-node` to apply 1 suggestion)
    Finished `release` profile [optimized] target(s) in 10.76s
     Running tests/integration_test.rs (target/release/deps/integration_test-d4234ead00f4f1cf)

running 7 tests
test integration_tests::test_health_scoring ... ok
test integration_tests::test_node_store ... ok
test integration_tests::test_firewall ... ok
test integration_tests::test_dht_node_creation ... ok
test integration_tests::test_quic_network_creation ... ok
test integration_tests::test_capabilities_probe ... ok
test integration_tests::test_ces_config_adaptive ... ok

test result: ok. 7 passed; 0 failed; 0 ignored; 0 measured; 0 filtered out; finished in 0.27s

✓ Integration tests passed

6. Checking binary...
✓ Binary exists: target/release/pangea-rust-node
  Size:  11M

7. Testing binary help...
✓ Binary runs correctly

======================================
✅ All tests passed!
======================================

Quick start:
  cd rust
  cargo run --release -- --node-id 1

With custom ports:
  cargo run --release -- --node-id 1 --p2p-addr 127.0.0.1:9090 --rpc-addr 127.0.0.1:8080

[PASSED] Rust Tests

========================================
[2025-11-22 00:20:58] Running: Integration Tests
========================================
Project root: /Users/abhinavnehra/Downloads/Learning_AI/WGT
Go directory: /Users/abhinavnehra/Downloads/Learning_AI/WGT/go
Python directory: /Users/abhinavnehra/Downloads/Learning_AI/WGT/python
Schema path: /Users/abhinavnehra/Downloads/Learning_AI/WGT/go/schema/schema.capnp
🧪 Full System Integration Test
================================
This test will:
  1. Start a Go node
  2. Test Python connection
  3. Test RPC calls
  4. Test peer connections

[0;34m1. Building Go node...[0m
[0;32m✅ Go node built[0m

[0;34m2. Checking port availability...[0m
[0;32m✅ Port 8080 is available[0m

[0;34m3. Starting Go node...[0m
   Go node PID: 17827
   Waiting for Go node to start...
[0;32m✅ Go node is listening on port 8080[0m
[0;32m✅ Python test script created[0m

[0;34m5. Running Python connectivity tests...[0m
❌ Import error: No module named 'capnp'
   Install dependencies: pip install -r python/requirements.txt
   Python path: ['/Users/abhinavnehra/Downloads/Learning_AI/WGT/python', '/private/tmp', '/Library/Frameworks/Python.framework/Versions/3.14/lib/python314.zip', '/Library/Frameworks/Python.framework/Versions/3.14/lib/python3.14', '/Library/Frameworks/Python.framework/Versions/3.14/lib/python3.14/lib-dynload', '/Library/Frameworks/Python.framework/Versions/3.14/lib/python3.14/site-packages']
[0;31m❌ Python connectivity tests failed[0m

[0;34mCleaning up...[0m
[FAILED] Integration Tests
========================================
[2025-11-22 00:21:34] Running: Go Tests
========================================
🧪 Testing Go Node
==================
Project root: /Users/abhinavnehra/Downloads/Learning_AI/WGT
Go directory: /Users/abhinavnehra/Downloads/Learning_AI/WGT/go

1. Testing build...
[0;32m✅ Build successful[0m

2. Checking binary...
[0;32m✅ Binary created[0m

3. Testing help command...
[0;32m✅ Help command works[0m

4. Testing port availability...
[0;32m✅ Port 8080 is available[0m

5. Checking schema file...
[0;32m✅ Schema file exists at /Users/abhinavnehra/Downloads/Learning_AI/WGT/go/schema/schema.capnp[0m

[0;32m✅ All Go tests passed![0m
[PASSED] Go Tests

========================================
[2025-11-22 00:21:35] Running: Python Tests
========================================
🧪 Testing Python Component
===========================
Project root: /Users/abhinavnehra/Downloads/Learning_AI/WGT
Python directory: /Users/abhinavnehra/Downloads/Learning_AI/WGT/python

1. Checking Python version...
   Python version: 3.14.0
[0;32m✅ Python version OK[0m

2. Checking dependencies...
[0;32m✅ requirements.txt exists[0m
[1;33m⚠️  Click not installed (run: pip install -r requirements.txt)[0m

3. Checking module structure...
[0;32m✅ src/__init__.py exists[0m
[0;32m✅ src/client/go_client.py exists[0m
[0;32m✅ src/data/timeseries.py exists[0m
[0;32m✅ src/ai/cnn_model.py exists[0m
[0;32m✅ src/cli.py exists[0m

4. Testing Python syntax...
[0;32m✅ go_client.py syntax OK[0m
[0;32m✅ timeseries.py syntax OK[0m
[0;32m✅ peer_health.py syntax OK[0m
[0;32m✅ cnn_model.py syntax OK[0m

5. Testing CLI...
[1;33m⚠️  CLI help test skipped (dependencies may not be installed)[0m

6. Checking PyTorch...
PyTorch 2.9.1
[1;33m⚠️  PyTorch available but CUDA not available (will use CPU)[0m

[0;32m✅ All Python tests passed![0m
[1;33mNote: Some features require dependencies. Install with: pip install -r requirements.txt[0m
[PASSED] Python Tests

========================================
[2025-11-22 00:21:37] Running: Rust Tests
========================================
======================================
Pangea Rust Node - Test Suite
======================================
1. Checking Rust installation...
✓ Rust version: rustc 1.89.0 (29483883e 2025-08-04)

2. Checking for Cap'n Proto...
✓ Cap'n Proto version: Cap'n Proto version 1.2.0

3. Building Rust node...
warning: pangea-rust-node@0.1.0: Cap'n Proto schema compiled successfully
warning: unused import: `std::path::Path`
  --> src/ces.rs:11:5
   |
11 | use std::path::Path;
   |     ^^^^^^^^^^^^^^^
   |
   = note: `#[warn(unused_imports)]` on by default

warning: type `HealingStatus` is more private than the item `AutoHealer::get_healing_status`
   --> src/auto_heal.rs:321:5
    |
321 |     pub async fn get_healing_status(&self) -> Vec<HealingStatus> {
    |     ^^^^^^^^^^^^^^^^^^^^^^^^^^^^^^^^^^^^^^^^^^^^^^^^^^^^^^^^^^^^ method `AutoHealer::get_healing_status` is reachable at visibility `pub`
    |
note: but type `HealingStatus` is only usable at visibility `pub(self)`
   --> src/auto_heal.rs:42:1
    |
42  | struct HealingStatus {
    | ^^^^^^^^^^^^^^^^^^^^
    = note: `#[warn(private_interfaces)]` on by default

warning: method `compress` is never used
   --> src/ces.rs:118:8
    |
23  | impl CesPipeline {
    | ---------------- method in this implementation
...
118 |     fn compress(&self, data: &[u8]) -> Result<Vec<u8>> {
    |        ^^^^^^^^
    |
    = note: `#[warn(dead_code)]` on by default

warning: field `timestamp` is never read
  --> src/cache.rs:37:5
   |
35 | struct CachedShard {
   |        ----------- field in this struct
36 |     data: Vec<u8>,
37 |     timestamp: i64,
   |     ^^^^^^^^^
   |
   = note: `CachedShard` has derived impls for the traits `Clone` and `Debug`, but these are intentionally ignored during dead code analysis

warning: fields `file_hash`, `current_copies`, and `needed_copies` are never read
  --> src/auto_heal.rs:43:5
   |
42 | struct HealingStatus {
   |        ------------- fields in this struct
43 |     file_hash: String,
   |     ^^^^^^^^^
44 |     current_copies: usize,
   |     ^^^^^^^^^^^^^^
45 |     needed_copies: usize,
   |     ^^^^^^^^^^^^^
   |
   = note: `HealingStatus` has derived impls for the traits `Clone` and `Debug`, but these are intentionally ignored during dead code analysis

warning: field `go_client` is never read
  --> src/auto_heal.rs:55:5
   |
51 | pub struct AutoHealer {
   |            ---------- field in this struct
...
55 |     go_client: Arc<GoClient>,
   |     ^^^^^^^^^

warning: `pangea-rust-node` (lib) generated 6 warnings (run `cargo fix --lib -p pangea-rust-node` to apply 1 suggestion)
   Compiling pangea-rust-node v0.1.0 (/Users/abhinavnehra/Downloads/Learning_AI/WGT/rust)
    Finished `release` profile [optimized] target(s) in 6.44s
✓ Build successful

4. Running unit tests...
warning: pangea-rust-node@0.1.0: Cap'n Proto schema compiled successfully
warning: unused import: `std::path::Path`
  --> src/ces.rs:11:5
   |
11 | use std::path::Path;
   |     ^^^^^^^^^^^^^^^
   |
   = note: `#[warn(unused_imports)]` on by default

warning: unused variable: `upload`
   --> src/upload.rs:134:13
    |
134 |         let upload = UploadProtocol::new(ces, go_client);
    |             ^^^^^^ help: if this is intentional, prefix it with an underscore: `_upload`
    |
    = note: `#[warn(unused_variables)]` on by default

warning: unused variable: `download`
   --> src/download.rs:157:13
    |
157 |         let download = DownloadProtocol::new(ces, go_client);
    |             ^^^^^^^^ help: if this is intentional, prefix it with an underscore: `_download`

warning: type `HealingStatus` is more private than the item `AutoHealer::get_healing_status`
   --> src/auto_heal.rs:321:5
    |
321 |     pub async fn get_healing_status(&self) -> Vec<HealingStatus> {
    |     ^^^^^^^^^^^^^^^^^^^^^^^^^^^^^^^^^^^^^^^^^^^^^^^^^^^^^^^^^^^^ method `AutoHealer::get_healing_status` is reachable at visibility `pub`
    |
note: but type `HealingStatus` is only usable at visibility `pub(self)`
   --> src/auto_heal.rs:42:1
    |
42  | struct HealingStatus {
    | ^^^^^^^^^^^^^^^^^^^^
    = note: `#[warn(private_interfaces)]` on by default

warning: field `timestamp` is never read
  --> src/cache.rs:37:5
   |
35 | struct CachedShard {
   |        ----------- field in this struct
36 |     data: Vec<u8>,
37 |     timestamp: i64,
   |     ^^^^^^^^^
   |
   = note: `CachedShard` has derived impls for the traits `Clone` and `Debug`, but these are intentionally ignored during dead code analysis
   = note: `#[warn(dead_code)]` on by default

warning: fields `file_hash`, `current_copies`, and `needed_copies` are never read
  --> src/auto_heal.rs:43:5
   |
42 | struct HealingStatus {
   |        ------------- fields in this struct
43 |     file_hash: String,
   |     ^^^^^^^^^
44 |     current_copies: usize,
   |     ^^^^^^^^^^^^^^
45 |     needed_copies: usize,
   |     ^^^^^^^^^^^^^
   |
   = note: `HealingStatus` has derived impls for the traits `Clone` and `Debug`, but these are intentionally ignored during dead code analysis

warning: field `go_client` is never read
  --> src/auto_heal.rs:55:5
   |
51 | pub struct AutoHealer {
   |            ---------- field in this struct
...
55 |     go_client: Arc<GoClient>,
   |     ^^^^^^^^^

warning: `pangea-rust-node` (lib test) generated 7 warnings (run `cargo fix --lib -p pangea-rust-node --tests` to apply 1 suggestion)
    Finished `release` profile [optimized] target(s) in 0.15s
     Running unittests src/lib.rs (target/release/deps/pangea_ces-fd280b84059c23e5)

running 19 tests
test auto_heal::tests::test_config_defaults ... ok
test ces::tests::test_encryption ... ok
test cache::tests::test_cache_eviction ... ok
test cache::tests::test_shard_cache ... ok
test ces::tests::test_sharding ... ok
test file_detector::tests::test_compression_levels ... ok
test file_detector::tests::test_extension_detection ... ok
test file_detector::tests::test_magic_bytes ... ok
test file_detector::tests::test_file_type_names ... ok
test firewall::tests::test_firewall_allowlist ... ok
test go_client::tests::test_go_client_creation ... ok
test cache::tests::test_manifest_cache ... ok
test ces::tests::test_compression ... ok
test lookup::tests::test_lookup_cached_file ... ok
test ces::tests::test_full_pipeline ... ok
test ffi::tests::test_ffi_roundtrip ... ok
test lookup::tests::test_search_files ... ok
test download::tests::test_download_protocol_creation ... ok
test upload::tests::test_upload_protocol_creation ... ok

test result: ok. 19 passed; 0 failed; 0 ignored; 0 measured; 0 filtered out; finished in 0.25s

✓ Unit tests passed

5. Running integration tests...
warning: pangea-rust-node@0.1.0: Cap'n Proto schema compiled successfully
   Compiling pangea-rust-node v0.1.0 (/Users/abhinavnehra/Downloads/Learning_AI/WGT/rust)
warning: unused import: `std::path::Path`
  --> src/ces.rs:11:5
   |
11 | use std::path::Path;
   |     ^^^^^^^^^^^^^^^
   |
   = note: `#[warn(unused_imports)]` on by default

warning: type `HealingStatus` is more private than the item `AutoHealer::get_healing_status`
   --> src/auto_heal.rs:321:5
    |
321 |     pub async fn get_healing_status(&self) -> Vec<HealingStatus> {
    |     ^^^^^^^^^^^^^^^^^^^^^^^^^^^^^^^^^^^^^^^^^^^^^^^^^^^^^^^^^^^^ method `AutoHealer::get_healing_status` is reachable at visibility `pub`
    |
note: but type `HealingStatus` is only usable at visibility `pub(self)`
   --> src/auto_heal.rs:42:1
    |
42  | struct HealingStatus {
    | ^^^^^^^^^^^^^^^^^^^^
    = note: `#[warn(private_interfaces)]` on by default

warning: method `compress` is never used
   --> src/ces.rs:118:8
    |
23  | impl CesPipeline {
    | ---------------- method in this implementation
...
118 |     fn compress(&self, data: &[u8]) -> Result<Vec<u8>> {
    |        ^^^^^^^^
    |
    = note: `#[warn(dead_code)]` on by default

warning: field `timestamp` is never read
  --> src/cache.rs:37:5
   |
35 | struct CachedShard {
   |        ----------- field in this struct
36 |     data: Vec<u8>,
37 |     timestamp: i64,
   |     ^^^^^^^^^
   |
   = note: `CachedShard` has derived impls for the traits `Clone` and `Debug`, but these are intentionally ignored during dead code analysis

warning: fields `file_hash`, `current_copies`, and `needed_copies` are never read
  --> src/auto_heal.rs:43:5
   |
42 | struct HealingStatus {
   |        ------------- fields in this struct
43 |     file_hash: String,
   |     ^^^^^^^^^
44 |     current_copies: usize,
   |     ^^^^^^^^^^^^^^
45 |     needed_copies: usize,
   |     ^^^^^^^^^^^^^
   |
   = note: `HealingStatus` has derived impls for the traits `Clone` and `Debug`, but these are intentionally ignored during dead code analysis

warning: field `go_client` is never read
  --> src/auto_heal.rs:55:5
   |
51 | pub struct AutoHealer {
   |            ---------- field in this struct
...
55 |     go_client: Arc<GoClient>,
   |     ^^^^^^^^^

warning: `pangea-rust-node` (lib) generated 6 warnings (run `cargo fix --lib -p pangea-rust-node` to apply 1 suggestion)
    Finished `release` profile [optimized] target(s) in 10.82s
     Running tests/integration_test.rs (target/release/deps/integration_test-d4234ead00f4f1cf)

running 7 tests
test integration_tests::test_node_store ... ok
test integration_tests::test_firewall ... ok
test integration_tests::test_health_scoring ... ok
test integration_tests::test_dht_node_creation ... ok
test integration_tests::test_quic_network_creation ... ok
test integration_tests::test_ces_config_adaptive ... ok
test integration_tests::test_capabilities_probe ... ok

test result: ok. 7 passed; 0 failed; 0 ignored; 0 measured; 0 filtered out; finished in 0.27s

✓ Integration tests passed

6. Checking binary...
✓ Binary exists: target/release/pangea-rust-node
  Size:  11M

7. Testing binary help...
✓ Binary runs correctly

======================================
✅ All tests passed!
======================================

Quick start:
  cd rust
  cargo run --release -- --node-id 1

With custom ports:
  cargo run --release -- --node-id 1 --p2p-addr 127.0.0.1:9090 --rpc-addr 127.0.0.1:8080

[PASSED] Rust Tests

========================================
[2025-11-22 00:21:55] Running: Integration Tests
========================================
Project root: /Users/abhinavnehra/Downloads/Learning_AI/WGT
Go directory: /Users/abhinavnehra/Downloads/Learning_AI/WGT/go
Python directory: /Users/abhinavnehra/Downloads/Learning_AI/WGT/python
Schema path: /Users/abhinavnehra/Downloads/Learning_AI/WGT/go/schema/schema.capnp
🧪 Full System Integration Test
================================
This test will:
  1. Start a Go node
  2. Test Python connection
  3. Test RPC calls
  4. Test peer connections

[0;34m1. Building Go node...[0m
[0;32m✅ Go node built[0m

[0;34m2. Checking port availability...[0m
[0;32m✅ Port 8080 is available[0m

[0;34m3. Starting Go node...[0m
   Go node PID: 18274
   Waiting for Go node to start...
[0;32m✅ Go node is listening on port 8080[0m
[0;32m✅ Python test script created[0m

[0;34m5. Running Python connectivity tests...[0m
   Using venv Python: /Users/abhinavnehra/Downloads/Learning_AI/WGT/python/.venv/bin/python

🧪 Python Connectivity Tests
========================================
   Testing connection...
   ✅ Connected to Go node
   Testing getAllNodes()...
   ✅ Got 1 nodes
      Node 1: latency=0.0ms, threat=0.000
   Testing getNode(1)...
   ✅ Got node 1
   Testing updateThreatScore(1, 0.75)...
   ✅ Updated threat score
   Testing getConnectedPeers()...
   ✅ Got 0 connected peers: []
   Testing getConnectionQuality(1)...
   ✅ Got quality: latency=0.00ms, jitter=0.00ms

📊 Results: 5/5 tests passed
✅ All connectivity tests passed!
[0;32m✅ Python connectivity tests passed[0m

[0;34m6. Testing peer connection...[0m
   (This would require a second Go node instance)
[1;33m⚠️  Peer connection test skipped (requires second node)[0m

[0;34m7. Testing message sending...[0m
[1;33m⚠️  Message sending test skipped (no peers)[0m

[0;32m✅ All integration tests passed![0m
[0;34mGo node was running with PID: 18274[0m
[0;34mLogs available at: /tmp/go-node.log[0m

[0;34mCleaning up...[0m
[PASSED] Integration Tests

========================================
[2025-11-22 00:22:00] Running: StreamUpdates Test
========================================
🧪 Testing StreamUpdates with Shared Memory Ring Buffer
========================================================
1. Building Go node...
[0;32m✅ Go node built[0m

2. Starting Node 1 (port 8080)...
   Node 1 PID: 18328
[0;32m✅ Node 1 listening on port 8080[0m

3. Starting Node 2 (port 8081)...
   Node 2 PID: 18338
[0;32m✅ Node 2 listening on port 8081[0m

4. Running StreamUpdates test...
tests/test_stream_updates.sh: line 188: python: command not found

[1;33mCleaning up...[0m
✅ Cleanup complete
[FAILED] StreamUpdates Test
========================================
[2025-11-22 00:22:47] Running: Go Tests
========================================
🧪 Testing Go Node
==================
Project root: /Users/abhinavnehra/Downloads/Learning_AI/WGT
Go directory: /Users/abhinavnehra/Downloads/Learning_AI/WGT/go

1. Testing build...
[0;32m✅ Build successful[0m

2. Checking binary...
[0;32m✅ Binary created[0m

3. Testing help command...
[0;32m✅ Help command works[0m

4. Testing port availability...
[0;32m✅ Port 8080 is available[0m

5. Checking schema file...
[0;32m✅ Schema file exists at /Users/abhinavnehra/Downloads/Learning_AI/WGT/go/schema/schema.capnp[0m

[0;32m✅ All Go tests passed![0m
[PASSED] Go Tests

========================================
[2025-11-22 00:22:48] Running: Python Tests
========================================
🧪 Testing Python Component
===========================
Project root: /Users/abhinavnehra/Downloads/Learning_AI/WGT
Python directory: /Users/abhinavnehra/Downloads/Learning_AI/WGT/python

1. Checking Python version...
   Python version: 3.14.0
[0;32m✅ Python version OK[0m

2. Checking dependencies...
[0;32m✅ requirements.txt exists[0m
[1;33m⚠️  Click not installed (run: pip install -r requirements.txt)[0m

3. Checking module structure...
[0;32m✅ src/__init__.py exists[0m
[0;32m✅ src/client/go_client.py exists[0m
[0;32m✅ src/data/timeseries.py exists[0m
[0;32m✅ src/ai/cnn_model.py exists[0m
[0;32m✅ src/cli.py exists[0m

4. Testing Python syntax...
[0;32m✅ go_client.py syntax OK[0m
[0;32m✅ timeseries.py syntax OK[0m
[0;32m✅ peer_health.py syntax OK[0m
[0;32m✅ cnn_model.py syntax OK[0m

5. Testing CLI...
[1;33m⚠️  CLI help test skipped (dependencies may not be installed)[0m

6. Checking PyTorch...
PyTorch 2.9.1
[1;33m⚠️  PyTorch available but CUDA not available (will use CPU)[0m

[0;32m✅ All Python tests passed![0m
[1;33mNote: Some features require dependencies. Install with: pip install -r requirements.txt[0m
[PASSED] Python Tests

========================================
[2025-11-22 00:22:50] Running: Rust Tests
========================================
======================================
Pangea Rust Node - Test Suite
======================================
1. Checking Rust installation...
✓ Rust version: rustc 1.89.0 (29483883e 2025-08-04)

2. Checking for Cap'n Proto...
✓ Cap'n Proto version: Cap'n Proto version 1.2.0

3. Building Rust node...
warning: pangea-rust-node@0.1.0: Cap'n Proto schema compiled successfully
warning: unused import: `std::path::Path`
  --> src/ces.rs:11:5
   |
11 | use std::path::Path;
   |     ^^^^^^^^^^^^^^^
   |
   = note: `#[warn(unused_imports)]` on by default

warning: type `HealingStatus` is more private than the item `AutoHealer::get_healing_status`
   --> src/auto_heal.rs:321:5
    |
321 |     pub async fn get_healing_status(&self) -> Vec<HealingStatus> {
    |     ^^^^^^^^^^^^^^^^^^^^^^^^^^^^^^^^^^^^^^^^^^^^^^^^^^^^^^^^^^^^ method `AutoHealer::get_healing_status` is reachable at visibility `pub`
    |
note: but type `HealingStatus` is only usable at visibility `pub(self)`
   --> src/auto_heal.rs:42:1
    |
42  | struct HealingStatus {
    | ^^^^^^^^^^^^^^^^^^^^
    = note: `#[warn(private_interfaces)]` on by default

warning: method `compress` is never used
   --> src/ces.rs:118:8
    |
23  | impl CesPipeline {
    | ---------------- method in this implementation
...
118 |     fn compress(&self, data: &[u8]) -> Result<Vec<u8>> {
    |        ^^^^^^^^
    |
    = note: `#[warn(dead_code)]` on by default

warning: field `timestamp` is never read
  --> src/cache.rs:37:5
   |
35 | struct CachedShard {
   |        ----------- field in this struct
36 |     data: Vec<u8>,
37 |     timestamp: i64,
   |     ^^^^^^^^^
   |
   = note: `CachedShard` has derived impls for the traits `Clone` and `Debug`, but these are intentionally ignored during dead code analysis

warning: fields `file_hash`, `current_copies`, and `needed_copies` are never read
  --> src/auto_heal.rs:43:5
   |
42 | struct HealingStatus {
   |        ------------- fields in this struct
43 |     file_hash: String,
   |     ^^^^^^^^^
44 |     current_copies: usize,
   |     ^^^^^^^^^^^^^^
45 |     needed_copies: usize,
   |     ^^^^^^^^^^^^^
   |
   = note: `HealingStatus` has derived impls for the traits `Clone` and `Debug`, but these are intentionally ignored during dead code analysis

warning: field `go_client` is never read
  --> src/auto_heal.rs:55:5
   |
51 | pub struct AutoHealer {
   |            ---------- field in this struct
...
55 |     go_client: Arc<GoClient>,
   |     ^^^^^^^^^

warning: `pangea-rust-node` (lib) generated 6 warnings (run `cargo fix --lib -p pangea-rust-node` to apply 1 suggestion)
   Compiling pangea-rust-node v0.1.0 (/Users/abhinavnehra/Downloads/Learning_AI/WGT/rust)
    Finished `release` profile [optimized] target(s) in 6.47s
✓ Build successful

4. Running unit tests...
warning: pangea-rust-node@0.1.0: Cap'n Proto schema compiled successfully
warning: unused import: `std::path::Path`
  --> src/ces.rs:11:5
   |
11 | use std::path::Path;
   |     ^^^^^^^^^^^^^^^
   |
   = note: `#[warn(unused_imports)]` on by default

warning: unused variable: `upload`
   --> src/upload.rs:134:13
    |
134 |         let upload = UploadProtocol::new(ces, go_client);
    |             ^^^^^^ help: if this is intentional, prefix it with an underscore: `_upload`
    |
    = note: `#[warn(unused_variables)]` on by default

warning: unused variable: `download`
   --> src/download.rs:157:13
    |
157 |         let download = DownloadProtocol::new(ces, go_client);
    |             ^^^^^^^^ help: if this is intentional, prefix it with an underscore: `_download`

warning: type `HealingStatus` is more private than the item `AutoHealer::get_healing_status`
   --> src/auto_heal.rs:321:5
    |
321 |     pub async fn get_healing_status(&self) -> Vec<HealingStatus> {
    |     ^^^^^^^^^^^^^^^^^^^^^^^^^^^^^^^^^^^^^^^^^^^^^^^^^^^^^^^^^^^^ method `AutoHealer::get_healing_status` is reachable at visibility `pub`
    |
note: but type `HealingStatus` is only usable at visibility `pub(self)`
   --> src/auto_heal.rs:42:1
    |
42  | struct HealingStatus {
    | ^^^^^^^^^^^^^^^^^^^^
    = note: `#[warn(private_interfaces)]` on by default

warning: field `timestamp` is never read
  --> src/cache.rs:37:5
   |
35 | struct CachedShard {
   |        ----------- field in this struct
36 |     data: Vec<u8>,
37 |     timestamp: i64,
   |     ^^^^^^^^^
   |
   = note: `CachedShard` has derived impls for the traits `Clone` and `Debug`, but these are intentionally ignored during dead code analysis
   = note: `#[warn(dead_code)]` on by default

warning: fields `file_hash`, `current_copies`, and `needed_copies` are never read
  --> src/auto_heal.rs:43:5
   |
42 | struct HealingStatus {
   |        ------------- fields in this struct
43 |     file_hash: String,
   |     ^^^^^^^^^
44 |     current_copies: usize,
   |     ^^^^^^^^^^^^^^
45 |     needed_copies: usize,
   |     ^^^^^^^^^^^^^
   |
   = note: `HealingStatus` has derived impls for the traits `Clone` and `Debug`, but these are intentionally ignored during dead code analysis

warning: field `go_client` is never read
  --> src/auto_heal.rs:55:5
   |
51 | pub struct AutoHealer {
   |            ---------- field in this struct
...
55 |     go_client: Arc<GoClient>,
   |     ^^^^^^^^^

warning: `pangea-rust-node` (lib test) generated 7 warnings (run `cargo fix --lib -p pangea-rust-node --tests` to apply 1 suggestion)
    Finished `release` profile [optimized] target(s) in 0.15s
     Running unittests src/lib.rs (target/release/deps/pangea_ces-fd280b84059c23e5)

running 19 tests
test auto_heal::tests::test_config_defaults ... ok
test ces::tests::test_encryption ... ok
test cache::tests::test_shard_cache ... ok
test cache::tests::test_cache_eviction ... ok
test file_detector::tests::test_compression_levels ... ok
test file_detector::tests::test_extension_detection ... ok
test ces::tests::test_sharding ... ok
test file_detector::tests::test_file_type_names ... ok
test file_detector::tests::test_magic_bytes ... ok
test firewall::tests::test_firewall_allowlist ... ok
test go_client::tests::test_go_client_creation ... ok
test cache::tests::test_manifest_cache ... ok
test ces::tests::test_compression ... ok
test lookup::tests::test_lookup_cached_file ... ok
test ffi::tests::test_ffi_roundtrip ... ok
test ces::tests::test_full_pipeline ... ok
test lookup::tests::test_search_files ... ok
test upload::tests::test_upload_protocol_creation ... ok
test download::tests::test_download_protocol_creation ... ok

test result: ok. 19 passed; 0 failed; 0 ignored; 0 measured; 0 filtered out; finished in 0.24s

✓ Unit tests passed

5. Running integration tests...
warning: pangea-rust-node@0.1.0: Cap'n Proto schema compiled successfully
   Compiling pangea-rust-node v0.1.0 (/Users/abhinavnehra/Downloads/Learning_AI/WGT/rust)
warning: unused import: `std::path::Path`
  --> src/ces.rs:11:5
   |
11 | use std::path::Path;
   |     ^^^^^^^^^^^^^^^
   |
   = note: `#[warn(unused_imports)]` on by default

warning: type `HealingStatus` is more private than the item `AutoHealer::get_healing_status`
   --> src/auto_heal.rs:321:5
    |
321 |     pub async fn get_healing_status(&self) -> Vec<HealingStatus> {
    |     ^^^^^^^^^^^^^^^^^^^^^^^^^^^^^^^^^^^^^^^^^^^^^^^^^^^^^^^^^^^^ method `AutoHealer::get_healing_status` is reachable at visibility `pub`
    |
note: but type `HealingStatus` is only usable at visibility `pub(self)`
   --> src/auto_heal.rs:42:1
    |
42  | struct HealingStatus {
    | ^^^^^^^^^^^^^^^^^^^^
    = note: `#[warn(private_interfaces)]` on by default

warning: method `compress` is never used
   --> src/ces.rs:118:8
    |
23  | impl CesPipeline {
    | ---------------- method in this implementation
...
118 |     fn compress(&self, data: &[u8]) -> Result<Vec<u8>> {
    |        ^^^^^^^^
    |
    = note: `#[warn(dead_code)]` on by default

warning: field `timestamp` is never read
  --> src/cache.rs:37:5
   |
35 | struct CachedShard {
   |        ----------- field in this struct
36 |     data: Vec<u8>,
37 |     timestamp: i64,
   |     ^^^^^^^^^
   |
   = note: `CachedShard` has derived impls for the traits `Clone` and `Debug`, but these are intentionally ignored during dead code analysis

warning: fields `file_hash`, `current_copies`, and `needed_copies` are never read
  --> src/auto_heal.rs:43:5
   |
42 | struct HealingStatus {
   |        ------------- fields in this struct
43 |     file_hash: String,
   |     ^^^^^^^^^
44 |     current_copies: usize,
   |     ^^^^^^^^^^^^^^
45 |     needed_copies: usize,
   |     ^^^^^^^^^^^^^
   |
   = note: `HealingStatus` has derived impls for the traits `Clone` and `Debug`, but these are intentionally ignored during dead code analysis

warning: field `go_client` is never read
  --> src/auto_heal.rs:55:5
   |
51 | pub struct AutoHealer {
   |            ---------- field in this struct
...
55 |     go_client: Arc<GoClient>,
   |     ^^^^^^^^^

warning: `pangea-rust-node` (lib) generated 6 warnings (run `cargo fix --lib -p pangea-rust-node` to apply 1 suggestion)
    Finished `release` profile [optimized] target(s) in 10.88s
     Running tests/integration_test.rs (target/release/deps/integration_test-d4234ead00f4f1cf)

running 7 tests
test integration_tests::test_health_scoring ... ok
test integration_tests::test_node_store ... ok
test integration_tests::test_firewall ... ok
test integration_tests::test_dht_node_creation ... ok
test integration_tests::test_quic_network_creation ... ok
test integration_tests::test_capabilities_probe ... ok
test integration_tests::test_ces_config_adaptive ... ok

test result: ok. 7 passed; 0 failed; 0 ignored; 0 measured; 0 filtered out; finished in 0.27s

✓ Integration tests passed

6. Checking binary...
✓ Binary exists: target/release/pangea-rust-node
  Size:  11M

7. Testing binary help...
✓ Binary runs correctly

======================================
✅ All tests passed!
======================================

Quick start:
  cd rust
  cargo run --release -- --node-id 1

With custom ports:
  cargo run --release -- --node-id 1 --p2p-addr 127.0.0.1:9090 --rpc-addr 127.0.0.1:8080

[PASSED] Rust Tests

========================================
[2025-11-22 00:23:09] Running: Integration Tests
========================================
Project root: /Users/abhinavnehra/Downloads/Learning_AI/WGT
Go directory: /Users/abhinavnehra/Downloads/Learning_AI/WGT/go
Python directory: /Users/abhinavnehra/Downloads/Learning_AI/WGT/python
Schema path: /Users/abhinavnehra/Downloads/Learning_AI/WGT/go/schema/schema.capnp
🧪 Full System Integration Test
================================
This test will:
  1. Start a Go node
  2. Test Python connection
  3. Test RPC calls
  4. Test peer connections

[0;34m1. Building Go node...[0m
[0;32m✅ Go node built[0m

[0;34m2. Checking port availability...[0m
[0;32m✅ Port 8080 is available[0m

[0;34m3. Starting Go node...[0m
   Go node PID: 18783
   Waiting for Go node to start...
[0;32m✅ Go node is listening on port 8080[0m
[0;32m✅ Python test script created[0m

[0;34m5. Running Python connectivity tests...[0m
   Using venv Python: /Users/abhinavnehra/Downloads/Learning_AI/WGT/python/.venv/bin/python

🧪 Python Connectivity Tests
========================================
   Testing connection...
   ✅ Connected to Go node
   Testing getAllNodes()...
   ✅ Got 1 nodes
      Node 1: latency=0.0ms, threat=0.000
   Testing getNode(1)...
   ✅ Got node 1
   Testing updateThreatScore(1, 0.75)...
   ✅ Updated threat score
   Testing getConnectedPeers()...
   ✅ Got 0 connected peers: []
   Testing getConnectionQuality(1)...
   ✅ Got quality: latency=0.00ms, jitter=0.00ms

📊 Results: 5/5 tests passed
✅ All connectivity tests passed!
[0;32m✅ Python connectivity tests passed[0m

[0;34m6. Testing peer connection...[0m
   (This would require a second Go node instance)
[1;33m⚠️  Peer connection test skipped (requires second node)[0m

[0;34m7. Testing message sending...[0m
[1;33m⚠️  Message sending test skipped (no peers)[0m

[0;32m✅ All integration tests passed![0m
[0;34mGo node was running with PID: 18783[0m
[0;34mLogs available at: /tmp/go-node.log[0m

[0;34mCleaning up...[0m
[PASSED] Integration Tests

========================================
[2025-11-22 00:23:14] Running: StreamUpdates Test
========================================
🧪 Testing StreamUpdates with Shared Memory Ring Buffer
========================================================
Using venv Python: ./python/.venv/bin/python
1. Building Go node...
[0;32m✅ Go node built[0m

2. Starting Node 1 (port 8080)...
   Node 1 PID: 18817
[0;32m✅ Node 1 listening on port 8080[0m

3. Starting Node 2 (port 8081)...
   Node 2 PID: 18829
[0;32m✅ Node 2 listening on port 8081[0m

4. Running StreamUpdates test...
tests/test_stream_updates.sh: line 195: ./python/.venv/bin/python: No such file or directory

[1;33mCleaning up...[0m
✅ Cleanup complete
[FAILED] StreamUpdates Test
========================================
[2025-11-22 00:23:41] Running: Go Tests
========================================
🧪 Testing Go Node
==================
Project root: /Users/abhinavnehra/Downloads/Learning_AI/WGT
Go directory: /Users/abhinavnehra/Downloads/Learning_AI/WGT/go

1. Testing build...
[0;32m✅ Build successful[0m

2. Checking binary...
[0;32m✅ Binary created[0m

3. Testing help command...
[0;32m✅ Help command works[0m

4. Testing port availability...
[0;32m✅ Port 8080 is available[0m

5. Checking schema file...
[0;32m✅ Schema file exists at /Users/abhinavnehra/Downloads/Learning_AI/WGT/go/schema/schema.capnp[0m

[0;32m✅ All Go tests passed![0m
[PASSED] Go Tests

========================================
[2025-11-22 00:23:42] Running: Python Tests
========================================
🧪 Testing Python Component
===========================
Project root: /Users/abhinavnehra/Downloads/Learning_AI/WGT
Python directory: /Users/abhinavnehra/Downloads/Learning_AI/WGT/python

1. Checking Python version...
   Python version: 3.14.0
[0;32m✅ Python version OK[0m

2. Checking dependencies...
[0;32m✅ requirements.txt exists[0m
[1;33m⚠️  Click not installed (run: pip install -r requirements.txt)[0m

3. Checking module structure...
[0;32m✅ src/__init__.py exists[0m
[0;32m✅ src/client/go_client.py exists[0m
[0;32m✅ src/data/timeseries.py exists[0m
[0;32m✅ src/ai/cnn_model.py exists[0m
[0;32m✅ src/cli.py exists[0m

4. Testing Python syntax...
[0;32m✅ go_client.py syntax OK[0m
[0;32m✅ timeseries.py syntax OK[0m
[0;32m✅ peer_health.py syntax OK[0m
[0;32m✅ cnn_model.py syntax OK[0m

5. Testing CLI...
[1;33m⚠️  CLI help test skipped (dependencies may not be installed)[0m

6. Checking PyTorch...
PyTorch 2.9.1
[1;33m⚠️  PyTorch available but CUDA not available (will use CPU)[0m

[0;32m✅ All Python tests passed![0m
[1;33mNote: Some features require dependencies. Install with: pip install -r requirements.txt[0m
[PASSED] Python Tests

========================================
[2025-11-22 00:23:45] Running: Rust Tests
========================================
======================================
Pangea Rust Node - Test Suite
======================================
1. Checking Rust installation...
✓ Rust version: rustc 1.89.0 (29483883e 2025-08-04)

2. Checking for Cap'n Proto...
✓ Cap'n Proto version: Cap'n Proto version 1.2.0

3. Building Rust node...
warning: pangea-rust-node@0.1.0: Cap'n Proto schema compiled successfully
warning: unused import: `std::path::Path`
  --> src/ces.rs:11:5
   |
11 | use std::path::Path;
   |     ^^^^^^^^^^^^^^^
   |
   = note: `#[warn(unused_imports)]` on by default

warning: type `HealingStatus` is more private than the item `AutoHealer::get_healing_status`
   --> src/auto_heal.rs:321:5
    |
321 |     pub async fn get_healing_status(&self) -> Vec<HealingStatus> {
    |     ^^^^^^^^^^^^^^^^^^^^^^^^^^^^^^^^^^^^^^^^^^^^^^^^^^^^^^^^^^^^ method `AutoHealer::get_healing_status` is reachable at visibility `pub`
    |
note: but type `HealingStatus` is only usable at visibility `pub(self)`
   --> src/auto_heal.rs:42:1
    |
42  | struct HealingStatus {
    | ^^^^^^^^^^^^^^^^^^^^
    = note: `#[warn(private_interfaces)]` on by default

warning: method `compress` is never used
   --> src/ces.rs:118:8
    |
23  | impl CesPipeline {
    | ---------------- method in this implementation
...
118 |     fn compress(&self, data: &[u8]) -> Result<Vec<u8>> {
    |        ^^^^^^^^
    |
    = note: `#[warn(dead_code)]` on by default

warning: field `timestamp` is never read
  --> src/cache.rs:37:5
   |
35 | struct CachedShard {
   |        ----------- field in this struct
36 |     data: Vec<u8>,
37 |     timestamp: i64,
   |     ^^^^^^^^^
   |
   = note: `CachedShard` has derived impls for the traits `Clone` and `Debug`, but these are intentionally ignored during dead code analysis

warning: fields `file_hash`, `current_copies`, and `needed_copies` are never read
  --> src/auto_heal.rs:43:5
   |
42 | struct HealingStatus {
   |        ------------- fields in this struct
43 |     file_hash: String,
   |     ^^^^^^^^^
44 |     current_copies: usize,
   |     ^^^^^^^^^^^^^^
45 |     needed_copies: usize,
   |     ^^^^^^^^^^^^^
   |
   = note: `HealingStatus` has derived impls for the traits `Clone` and `Debug`, but these are intentionally ignored during dead code analysis

warning: field `go_client` is never read
  --> src/auto_heal.rs:55:5
   |
51 | pub struct AutoHealer {
   |            ---------- field in this struct
...
55 |     go_client: Arc<GoClient>,
   |     ^^^^^^^^^

warning: `pangea-rust-node` (lib) generated 6 warnings (run `cargo fix --lib -p pangea-rust-node` to apply 1 suggestion)
   Compiling pangea-rust-node v0.1.0 (/Users/abhinavnehra/Downloads/Learning_AI/WGT/rust)
    Finished `release` profile [optimized] target(s) in 6.41s
✓ Build successful

4. Running unit tests...
warning: pangea-rust-node@0.1.0: Cap'n Proto schema compiled successfully
warning: unused import: `std::path::Path`
  --> src/ces.rs:11:5
   |
11 | use std::path::Path;
   |     ^^^^^^^^^^^^^^^
   |
   = note: `#[warn(unused_imports)]` on by default

warning: unused variable: `upload`
   --> src/upload.rs:134:13
    |
134 |         let upload = UploadProtocol::new(ces, go_client);
    |             ^^^^^^ help: if this is intentional, prefix it with an underscore: `_upload`
    |
    = note: `#[warn(unused_variables)]` on by default

warning: unused variable: `download`
   --> src/download.rs:157:13
    |
157 |         let download = DownloadProtocol::new(ces, go_client);
    |             ^^^^^^^^ help: if this is intentional, prefix it with an underscore: `_download`

warning: type `HealingStatus` is more private than the item `AutoHealer::get_healing_status`
   --> src/auto_heal.rs:321:5
    |
321 |     pub async fn get_healing_status(&self) -> Vec<HealingStatus> {
    |     ^^^^^^^^^^^^^^^^^^^^^^^^^^^^^^^^^^^^^^^^^^^^^^^^^^^^^^^^^^^^ method `AutoHealer::get_healing_status` is reachable at visibility `pub`
    |
note: but type `HealingStatus` is only usable at visibility `pub(self)`
   --> src/auto_heal.rs:42:1
    |
42  | struct HealingStatus {
    | ^^^^^^^^^^^^^^^^^^^^
    = note: `#[warn(private_interfaces)]` on by default

warning: field `timestamp` is never read
  --> src/cache.rs:37:5
   |
35 | struct CachedShard {
   |        ----------- field in this struct
36 |     data: Vec<u8>,
37 |     timestamp: i64,
   |     ^^^^^^^^^
   |
   = note: `CachedShard` has derived impls for the traits `Clone` and `Debug`, but these are intentionally ignored during dead code analysis
   = note: `#[warn(dead_code)]` on by default

warning: fields `file_hash`, `current_copies`, and `needed_copies` are never read
  --> src/auto_heal.rs:43:5
   |
42 | struct HealingStatus {
   |        ------------- fields in this struct
43 |     file_hash: String,
   |     ^^^^^^^^^
44 |     current_copies: usize,
   |     ^^^^^^^^^^^^^^
45 |     needed_copies: usize,
   |     ^^^^^^^^^^^^^
   |
   = note: `HealingStatus` has derived impls for the traits `Clone` and `Debug`, but these are intentionally ignored during dead code analysis

warning: field `go_client` is never read
  --> src/auto_heal.rs:55:5
   |
51 | pub struct AutoHealer {
   |            ---------- field in this struct
...
55 |     go_client: Arc<GoClient>,
   |     ^^^^^^^^^

warning: `pangea-rust-node` (lib test) generated 7 warnings (run `cargo fix --lib -p pangea-rust-node --tests` to apply 1 suggestion)
    Finished `release` profile [optimized] target(s) in 0.15s
     Running unittests src/lib.rs (target/release/deps/pangea_ces-fd280b84059c23e5)

running 19 tests
test auto_heal::tests::test_config_defaults ... ok
test ces::tests::test_encryption ... ok
test ces::tests::test_sharding ... ok
test cache::tests::test_cache_eviction ... ok
test cache::tests::test_shard_cache ... ok
test file_detector::tests::test_compression_levels ... ok
test file_detector::tests::test_extension_detection ... ok
test file_detector::tests::test_file_type_names ... ok
test file_detector::tests::test_magic_bytes ... ok
test go_client::tests::test_go_client_creation ... ok
test firewall::tests::test_firewall_allowlist ... ok
test cache::tests::test_manifest_cache ... ok
test ces::tests::test_compression ... ok
test lookup::tests::test_lookup_cached_file ... ok
test ffi::tests::test_ffi_roundtrip ... ok
test ces::tests::test_full_pipeline ... ok
test lookup::tests::test_search_files ... ok
test upload::tests::test_upload_protocol_creation ... ok
test download::tests::test_download_protocol_creation ... ok

test result: ok. 19 passed; 0 failed; 0 ignored; 0 measured; 0 filtered out; finished in 0.25s

✓ Unit tests passed

5. Running integration tests...
warning: pangea-rust-node@0.1.0: Cap'n Proto schema compiled successfully
   Compiling pangea-rust-node v0.1.0 (/Users/abhinavnehra/Downloads/Learning_AI/WGT/rust)
warning: unused import: `std::path::Path`
  --> src/ces.rs:11:5
   |
11 | use std::path::Path;
   |     ^^^^^^^^^^^^^^^
   |
   = note: `#[warn(unused_imports)]` on by default

warning: type `HealingStatus` is more private than the item `AutoHealer::get_healing_status`
   --> src/auto_heal.rs:321:5
    |
321 |     pub async fn get_healing_status(&self) -> Vec<HealingStatus> {
    |     ^^^^^^^^^^^^^^^^^^^^^^^^^^^^^^^^^^^^^^^^^^^^^^^^^^^^^^^^^^^^ method `AutoHealer::get_healing_status` is reachable at visibility `pub`
    |
note: but type `HealingStatus` is only usable at visibility `pub(self)`
   --> src/auto_heal.rs:42:1
    |
42  | struct HealingStatus {
    | ^^^^^^^^^^^^^^^^^^^^
    = note: `#[warn(private_interfaces)]` on by default

warning: method `compress` is never used
   --> src/ces.rs:118:8
    |
23  | impl CesPipeline {
    | ---------------- method in this implementation
...
118 |     fn compress(&self, data: &[u8]) -> Result<Vec<u8>> {
    |        ^^^^^^^^
    |
    = note: `#[warn(dead_code)]` on by default

warning: field `timestamp` is never read
  --> src/cache.rs:37:5
   |
35 | struct CachedShard {
   |        ----------- field in this struct
36 |     data: Vec<u8>,
37 |     timestamp: i64,
   |     ^^^^^^^^^
   |
   = note: `CachedShard` has derived impls for the traits `Clone` and `Debug`, but these are intentionally ignored during dead code analysis

warning: fields `file_hash`, `current_copies`, and `needed_copies` are never read
  --> src/auto_heal.rs:43:5
   |
42 | struct HealingStatus {
   |        ------------- fields in this struct
43 |     file_hash: String,
   |     ^^^^^^^^^
44 |     current_copies: usize,
   |     ^^^^^^^^^^^^^^
45 |     needed_copies: usize,
   |     ^^^^^^^^^^^^^
   |
   = note: `HealingStatus` has derived impls for the traits `Clone` and `Debug`, but these are intentionally ignored during dead code analysis

warning: field `go_client` is never read
  --> src/auto_heal.rs:55:5
   |
51 | pub struct AutoHealer {
   |            ---------- field in this struct
...
55 |     go_client: Arc<GoClient>,
   |     ^^^^^^^^^

warning: `pangea-rust-node` (lib) generated 6 warnings (run `cargo fix --lib -p pangea-rust-node` to apply 1 suggestion)
    Finished `release` profile [optimized] target(s) in 10.88s
     Running tests/integration_test.rs (target/release/deps/integration_test-d4234ead00f4f1cf)

running 7 tests
test integration_tests::test_health_scoring ... ok
test integration_tests::test_firewall ... ok
test integration_tests::test_node_store ... ok
test integration_tests::test_dht_node_creation ... ok
test integration_tests::test_quic_network_creation ... ok
test integration_tests::test_capabilities_probe ... ok
test integration_tests::test_ces_config_adaptive ... ok

test result: ok. 7 passed; 0 failed; 0 ignored; 0 measured; 0 filtered out; finished in 0.26s

✓ Integration tests passed

6. Checking binary...
✓ Binary exists: target/release/pangea-rust-node
  Size:  11M

7. Testing binary help...
✓ Binary runs correctly

======================================
✅ All tests passed!
======================================

Quick start:
  cd rust
  cargo run --release -- --node-id 1

With custom ports:
  cargo run --release -- --node-id 1 --p2p-addr 127.0.0.1:9090 --rpc-addr 127.0.0.1:8080

[PASSED] Rust Tests

========================================
[2025-11-22 00:24:03] Running: Integration Tests
========================================
Project root: /Users/abhinavnehra/Downloads/Learning_AI/WGT
Go directory: /Users/abhinavnehra/Downloads/Learning_AI/WGT/go
Python directory: /Users/abhinavnehra/Downloads/Learning_AI/WGT/python
Schema path: /Users/abhinavnehra/Downloads/Learning_AI/WGT/go/schema/schema.capnp
🧪 Full System Integration Test
================================
This test will:
  1. Start a Go node
  2. Test Python connection
  3. Test RPC calls
  4. Test peer connections

[0;34m1. Building Go node...[0m
[0;32m✅ Go node built[0m

[0;34m2. Checking port availability...[0m
[0;32m✅ Port 8080 is available[0m

[0;34m3. Starting Go node...[0m
   Go node PID: 19263
   Waiting for Go node to start...
[0;32m✅ Go node is listening on port 8080[0m
[0;32m✅ Python test script created[0m

[0;34m5. Running Python connectivity tests...[0m
   Using venv Python: /Users/abhinavnehra/Downloads/Learning_AI/WGT/python/.venv/bin/python

🧪 Python Connectivity Tests
========================================
   Testing connection...
   ✅ Connected to Go node
   Testing getAllNodes()...
   ✅ Got 1 nodes
      Node 1: latency=0.0ms, threat=0.000
   Testing getNode(1)...
   ✅ Got node 1
   Testing updateThreatScore(1, 0.75)...
   ✅ Updated threat score
   Testing getConnectedPeers()...
   ✅ Got 0 connected peers: []
   Testing getConnectionQuality(1)...
   ✅ Got quality: latency=0.00ms, jitter=0.00ms

📊 Results: 5/5 tests passed
✅ All connectivity tests passed!
[0;32m✅ Python connectivity tests passed[0m

[0;34m6. Testing peer connection...[0m
   (This would require a second Go node instance)
[1;33m⚠️  Peer connection test skipped (requires second node)[0m

[0;34m7. Testing message sending...[0m
[1;33m⚠️  Message sending test skipped (no peers)[0m

[0;32m✅ All integration tests passed![0m
[0;34mGo node was running with PID: 19263[0m
[0;34mLogs available at: /tmp/go-node.log[0m

[0;34mCleaning up...[0m
[PASSED] Integration Tests

========================================
[2025-11-22 00:24:08] Running: StreamUpdates Test
========================================
🧪 Testing StreamUpdates with Shared Memory Ring Buffer
========================================================
Using venv Python: /Users/abhinavnehra/Downloads/Learning_AI/WGT/python/.venv/bin/python
1. Building Go node...
[0;32m✅ Go node built[0m

2. Starting Node 1 (port 8080)...
   Node 1 PID: 19299
[0;32m✅ Node 1 listening on port 8080[0m

3. Starting Node 2 (port 8081)...
   Node 2 PID: 19311
[0;32m✅ Node 2 listening on port 8081[0m

4. Running StreamUpdates test...
Traceback (most recent call last):
  File "/tmp/test_stream_updates.py", line 8, in <module>
    schema = capnp.load('/home/abhinav/Desktop/WGT/go/schema/schema.capnp')
  File "capnp/lib/capnp.pyx", line 4566, in capnp.lib.capnp.load
  File "capnp/lib/capnp.pyx", line 3651, in capnp.lib.capnp.SchemaParser.load
OSError: File not found: /home/abhinav/Desktop/WGT/go/schema/schema.capnp

[1;33mCleaning up...[0m
✅ Cleanup complete
[FAILED] StreamUpdates Test
========================================
[2025-11-22 00:25:01] Running: Go Tests
========================================
🧪 Testing Go Node
==================
Project root: /Users/abhinavnehra/Downloads/Learning_AI/WGT
Go directory: /Users/abhinavnehra/Downloads/Learning_AI/WGT/go

1. Testing build...
[0;32m✅ Build successful[0m

2. Checking binary...
[0;32m✅ Binary created[0m

3. Testing help command...
[0;32m✅ Help command works[0m

4. Testing port availability...
[0;32m✅ Port 8080 is available[0m

5. Checking schema file...
[0;32m✅ Schema file exists at /Users/abhinavnehra/Downloads/Learning_AI/WGT/go/schema/schema.capnp[0m

[0;32m✅ All Go tests passed![0m
[PASSED] Go Tests

========================================
[2025-11-22 00:25:02] Running: Python Tests
========================================
🧪 Testing Python Component
===========================
Project root: /Users/abhinavnehra/Downloads/Learning_AI/WGT
Python directory: /Users/abhinavnehra/Downloads/Learning_AI/WGT/python

1. Checking Python version...
   Python version: 3.14.0
[0;32m✅ Python version OK[0m

2. Checking dependencies...
[0;32m✅ requirements.txt exists[0m
[1;33m⚠️  Click not installed (run: pip install -r requirements.txt)[0m

3. Checking module structure...
[0;32m✅ src/__init__.py exists[0m
[0;32m✅ src/client/go_client.py exists[0m
[0;32m✅ src/data/timeseries.py exists[0m
[0;32m✅ src/ai/cnn_model.py exists[0m
[0;32m✅ src/cli.py exists[0m

4. Testing Python syntax...
[0;32m✅ go_client.py syntax OK[0m
[0;32m✅ timeseries.py syntax OK[0m
[0;32m✅ peer_health.py syntax OK[0m
[0;32m✅ cnn_model.py syntax OK[0m

5. Testing CLI...
[1;33m⚠️  CLI help test skipped (dependencies may not be installed)[0m

6. Checking PyTorch...
PyTorch 2.9.1
[1;33m⚠️  PyTorch available but CUDA not available (will use CPU)[0m

[0;32m✅ All Python tests passed![0m
[1;33mNote: Some features require dependencies. Install with: pip install -r requirements.txt[0m
[PASSED] Python Tests

========================================
[2025-11-22 00:25:04] Running: Rust Tests
========================================
======================================
Pangea Rust Node - Test Suite
======================================
1. Checking Rust installation...
✓ Rust version: rustc 1.89.0 (29483883e 2025-08-04)

2. Checking for Cap'n Proto...
✓ Cap'n Proto version: Cap'n Proto version 1.2.0

3. Building Rust node...
warning: pangea-rust-node@0.1.0: Cap'n Proto schema compiled successfully
warning: unused import: `std::path::Path`
  --> src/ces.rs:11:5
   |
11 | use std::path::Path;
   |     ^^^^^^^^^^^^^^^
   |
   = note: `#[warn(unused_imports)]` on by default

warning: type `HealingStatus` is more private than the item `AutoHealer::get_healing_status`
   --> src/auto_heal.rs:321:5
    |
321 |     pub async fn get_healing_status(&self) -> Vec<HealingStatus> {
    |     ^^^^^^^^^^^^^^^^^^^^^^^^^^^^^^^^^^^^^^^^^^^^^^^^^^^^^^^^^^^^ method `AutoHealer::get_healing_status` is reachable at visibility `pub`
    |
note: but type `HealingStatus` is only usable at visibility `pub(self)`
   --> src/auto_heal.rs:42:1
    |
42  | struct HealingStatus {
    | ^^^^^^^^^^^^^^^^^^^^
    = note: `#[warn(private_interfaces)]` on by default

warning: method `compress` is never used
   --> src/ces.rs:118:8
    |
23  | impl CesPipeline {
    | ---------------- method in this implementation
...
118 |     fn compress(&self, data: &[u8]) -> Result<Vec<u8>> {
    |        ^^^^^^^^
    |
    = note: `#[warn(dead_code)]` on by default

warning: field `timestamp` is never read
  --> src/cache.rs:37:5
   |
35 | struct CachedShard {
   |        ----------- field in this struct
36 |     data: Vec<u8>,
37 |     timestamp: i64,
   |     ^^^^^^^^^
   |
   = note: `CachedShard` has derived impls for the traits `Clone` and `Debug`, but these are intentionally ignored during dead code analysis

warning: fields `file_hash`, `current_copies`, and `needed_copies` are never read
  --> src/auto_heal.rs:43:5
   |
42 | struct HealingStatus {
   |        ------------- fields in this struct
43 |     file_hash: String,
   |     ^^^^^^^^^
44 |     current_copies: usize,
   |     ^^^^^^^^^^^^^^
45 |     needed_copies: usize,
   |     ^^^^^^^^^^^^^
   |
   = note: `HealingStatus` has derived impls for the traits `Clone` and `Debug`, but these are intentionally ignored during dead code analysis

warning: field `go_client` is never read
  --> src/auto_heal.rs:55:5
   |
51 | pub struct AutoHealer {
   |            ---------- field in this struct
...
55 |     go_client: Arc<GoClient>,
   |     ^^^^^^^^^

warning: `pangea-rust-node` (lib) generated 6 warnings (run `cargo fix --lib -p pangea-rust-node` to apply 1 suggestion)
   Compiling pangea-rust-node v0.1.0 (/Users/abhinavnehra/Downloads/Learning_AI/WGT/rust)
    Finished `release` profile [optimized] target(s) in 6.77s
✓ Build successful

4. Running unit tests...
warning: pangea-rust-node@0.1.0: Cap'n Proto schema compiled successfully
warning: unused import: `std::path::Path`
  --> src/ces.rs:11:5
   |
11 | use std::path::Path;
   |     ^^^^^^^^^^^^^^^
   |
   = note: `#[warn(unused_imports)]` on by default

warning: unused variable: `upload`
   --> src/upload.rs:134:13
    |
134 |         let upload = UploadProtocol::new(ces, go_client);
    |             ^^^^^^ help: if this is intentional, prefix it with an underscore: `_upload`
    |
    = note: `#[warn(unused_variables)]` on by default

warning: unused variable: `download`
   --> src/download.rs:157:13
    |
157 |         let download = DownloadProtocol::new(ces, go_client);
    |             ^^^^^^^^ help: if this is intentional, prefix it with an underscore: `_download`

warning: type `HealingStatus` is more private than the item `AutoHealer::get_healing_status`
   --> src/auto_heal.rs:321:5
    |
321 |     pub async fn get_healing_status(&self) -> Vec<HealingStatus> {
    |     ^^^^^^^^^^^^^^^^^^^^^^^^^^^^^^^^^^^^^^^^^^^^^^^^^^^^^^^^^^^^ method `AutoHealer::get_healing_status` is reachable at visibility `pub`
    |
note: but type `HealingStatus` is only usable at visibility `pub(self)`
   --> src/auto_heal.rs:42:1
    |
42  | struct HealingStatus {
    | ^^^^^^^^^^^^^^^^^^^^
    = note: `#[warn(private_interfaces)]` on by default

warning: field `timestamp` is never read
  --> src/cache.rs:37:5
   |
35 | struct CachedShard {
   |        ----------- field in this struct
36 |     data: Vec<u8>,
37 |     timestamp: i64,
   |     ^^^^^^^^^
   |
   = note: `CachedShard` has derived impls for the traits `Clone` and `Debug`, but these are intentionally ignored during dead code analysis
   = note: `#[warn(dead_code)]` on by default

warning: fields `file_hash`, `current_copies`, and `needed_copies` are never read
  --> src/auto_heal.rs:43:5
   |
42 | struct HealingStatus {
   |        ------------- fields in this struct
43 |     file_hash: String,
   |     ^^^^^^^^^
44 |     current_copies: usize,
   |     ^^^^^^^^^^^^^^
45 |     needed_copies: usize,
   |     ^^^^^^^^^^^^^
   |
   = note: `HealingStatus` has derived impls for the traits `Clone` and `Debug`, but these are intentionally ignored during dead code analysis

warning: field `go_client` is never read
  --> src/auto_heal.rs:55:5
   |
51 | pub struct AutoHealer {
   |            ---------- field in this struct
...
55 |     go_client: Arc<GoClient>,
   |     ^^^^^^^^^

warning: `pangea-rust-node` (lib test) generated 7 warnings (run `cargo fix --lib -p pangea-rust-node --tests` to apply 1 suggestion)
    Finished `release` profile [optimized] target(s) in 0.15s
     Running unittests src/lib.rs (target/release/deps/pangea_ces-fd280b84059c23e5)

running 19 tests
test auto_heal::tests::test_config_defaults ... ok
test cache::tests::test_shard_cache ... ok
test cache::tests::test_cache_eviction ... ok
test ces::tests::test_encryption ... ok
test file_detector::tests::test_compression_levels ... ok
test ces::tests::test_sharding ... ok
test file_detector::tests::test_extension_detection ... ok
test file_detector::tests::test_file_type_names ... ok
test file_detector::tests::test_magic_bytes ... ok
test firewall::tests::test_firewall_allowlist ... ok
test go_client::tests::test_go_client_creation ... ok
test cache::tests::test_manifest_cache ... ok
test ces::tests::test_compression ... ok
test lookup::tests::test_lookup_cached_file ... ok
test ces::tests::test_full_pipeline ... ok
test ffi::tests::test_ffi_roundtrip ... ok
test lookup::tests::test_search_files ... ok
test download::tests::test_download_protocol_creation ... ok
test upload::tests::test_upload_protocol_creation ... ok

test result: ok. 19 passed; 0 failed; 0 ignored; 0 measured; 0 filtered out; finished in 0.27s

✓ Unit tests passed

5. Running integration tests...
warning: pangea-rust-node@0.1.0: Cap'n Proto schema compiled successfully
   Compiling pangea-rust-node v0.1.0 (/Users/abhinavnehra/Downloads/Learning_AI/WGT/rust)
warning: unused import: `std::path::Path`
  --> src/ces.rs:11:5
   |
11 | use std::path::Path;
   |     ^^^^^^^^^^^^^^^
   |
   = note: `#[warn(unused_imports)]` on by default

warning: type `HealingStatus` is more private than the item `AutoHealer::get_healing_status`
   --> src/auto_heal.rs:321:5
    |
321 |     pub async fn get_healing_status(&self) -> Vec<HealingStatus> {
    |     ^^^^^^^^^^^^^^^^^^^^^^^^^^^^^^^^^^^^^^^^^^^^^^^^^^^^^^^^^^^^ method `AutoHealer::get_healing_status` is reachable at visibility `pub`
    |
note: but type `HealingStatus` is only usable at visibility `pub(self)`
   --> src/auto_heal.rs:42:1
    |
42  | struct HealingStatus {
    | ^^^^^^^^^^^^^^^^^^^^
    = note: `#[warn(private_interfaces)]` on by default

warning: method `compress` is never used
   --> src/ces.rs:118:8
    |
23  | impl CesPipeline {
    | ---------------- method in this implementation
...
118 |     fn compress(&self, data: &[u8]) -> Result<Vec<u8>> {
    |        ^^^^^^^^
    |
    = note: `#[warn(dead_code)]` on by default

warning: field `timestamp` is never read
  --> src/cache.rs:37:5
   |
35 | struct CachedShard {
   |        ----------- field in this struct
36 |     data: Vec<u8>,
37 |     timestamp: i64,
   |     ^^^^^^^^^
   |
   = note: `CachedShard` has derived impls for the traits `Clone` and `Debug`, but these are intentionally ignored during dead code analysis

warning: fields `file_hash`, `current_copies`, and `needed_copies` are never read
  --> src/auto_heal.rs:43:5
   |
42 | struct HealingStatus {
   |        ------------- fields in this struct
43 |     file_hash: String,
   |     ^^^^^^^^^
44 |     current_copies: usize,
   |     ^^^^^^^^^^^^^^
45 |     needed_copies: usize,
   |     ^^^^^^^^^^^^^
   |
   = note: `HealingStatus` has derived impls for the traits `Clone` and `Debug`, but these are intentionally ignored during dead code analysis

warning: field `go_client` is never read
  --> src/auto_heal.rs:55:5
   |
51 | pub struct AutoHealer {
   |            ---------- field in this struct
...
55 |     go_client: Arc<GoClient>,
   |     ^^^^^^^^^

warning: `pangea-rust-node` (lib) generated 6 warnings (run `cargo fix --lib -p pangea-rust-node` to apply 1 suggestion)
    Finished `release` profile [optimized] target(s) in 10.80s
     Running tests/integration_test.rs (target/release/deps/integration_test-d4234ead00f4f1cf)

running 7 tests
test integration_tests::test_node_store ... ok
test integration_tests::test_firewall ... ok
test integration_tests::test_health_scoring ... ok
test integration_tests::test_dht_node_creation ... ok
test integration_tests::test_quic_network_creation ... ok
test integration_tests::test_ces_config_adaptive ... ok
test integration_tests::test_capabilities_probe ... ok

test result: ok. 7 passed; 0 failed; 0 ignored; 0 measured; 0 filtered out; finished in 0.26s

✓ Integration tests passed

6. Checking binary...
✓ Binary exists: target/release/pangea-rust-node
  Size:  11M

7. Testing binary help...
✓ Binary runs correctly

======================================
✅ All tests passed!
======================================

Quick start:
  cd rust
  cargo run --release -- --node-id 1

With custom ports:
  cargo run --release -- --node-id 1 --p2p-addr 127.0.0.1:9090 --rpc-addr 127.0.0.1:8080

[PASSED] Rust Tests

========================================
[2025-11-22 00:25:23] Running: Integration Tests
========================================
Project root: /Users/abhinavnehra/Downloads/Learning_AI/WGT
Go directory: /Users/abhinavnehra/Downloads/Learning_AI/WGT/go
Python directory: /Users/abhinavnehra/Downloads/Learning_AI/WGT/python
Schema path: /Users/abhinavnehra/Downloads/Learning_AI/WGT/go/schema/schema.capnp
🧪 Full System Integration Test
================================
This test will:
  1. Start a Go node
  2. Test Python connection
  3. Test RPC calls
  4. Test peer connections

[0;34m1. Building Go node...[0m
[0;32m✅ Go node built[0m

[0;34m2. Checking port availability...[0m
[0;32m✅ Port 8080 is available[0m

[0;34m3. Starting Go node...[0m
   Go node PID: 19718
   Waiting for Go node to start...
[0;32m✅ Go node is listening on port 8080[0m
[0;32m✅ Python test script created[0m

[0;34m5. Running Python connectivity tests...[0m
   Using venv Python: /Users/abhinavnehra/Downloads/Learning_AI/WGT/python/.venv/bin/python

🧪 Python Connectivity Tests
========================================
   Testing connection...
   ✅ Connected to Go node
   Testing getAllNodes()...
   ✅ Got 1 nodes
      Node 1: latency=0.0ms, threat=0.000
   Testing getNode(1)...
   ✅ Got node 1
   Testing updateThreatScore(1, 0.75)...
   ✅ Updated threat score
   Testing getConnectedPeers()...
   ✅ Got 0 connected peers: []
   Testing getConnectionQuality(1)...
   ✅ Got quality: latency=0.00ms, jitter=0.00ms

📊 Results: 5/5 tests passed
✅ All connectivity tests passed!
[0;32m✅ Python connectivity tests passed[0m

[0;34m6. Testing peer connection...[0m
   (This would require a second Go node instance)
[1;33m⚠️  Peer connection test skipped (requires second node)[0m

[0;34m7. Testing message sending...[0m
[1;33m⚠️  Message sending test skipped (no peers)[0m

[0;32m✅ All integration tests passed![0m
[0;34mGo node was running with PID: 19718[0m
[0;34mLogs available at: /tmp/go-node.log[0m

[0;34mCleaning up...[0m
[PASSED] Integration Tests

========================================
[2025-11-22 00:25:27] Running: StreamUpdates Test
========================================
🧪 Testing StreamUpdates with Shared Memory Ring Buffer
========================================================
Using venv Python: /Users/abhinavnehra/Downloads/Learning_AI/WGT/python/.venv/bin/python
1. Building Go node...
[0;32m✅ Go node built[0m

2. Starting Node 1 (port 8080)...
   Node 1 PID: 19754
[0;32m✅ Node 1 listening on port 8080[0m

3. Starting Node 2 (port 8081)...
   Node 2 PID: 19765
[0;32m✅ Node 2 listening on port 8081[0m

4. Running StreamUpdates test...
Traceback (most recent call last):
  File "/tmp/test_stream_updates.py", line 99, in <module>
    result = asyncio.run(test_stream_updates())
  File "/Library/Frameworks/Python.framework/Versions/3.14/lib/python3.14/asyncio/runners.py", line 204, in run
    return runner.run(main)
           ~~~~~~~~~~^^^^^^
  File "/Library/Frameworks/Python.framework/Versions/3.14/lib/python3.14/asyncio/runners.py", line 127, in run
    return self._loop.run_until_complete(task)
           ~~~~~~~~~~~~~~~~~~~~~~~~~~~~~^^^^^^
  File "/Library/Frameworks/Python.framework/Versions/3.14/lib/python3.14/asyncio/base_events.py", line 719, in run_until_complete
    return future.result()
           ~~~~~~~~~~~~~^^
  File "/tmp/test_stream_updates.py", line 50, in test_stream_updates
    shm_files_before = set([f for f in os.listdir('/dev/shm') if f.startswith('pangea_')])
                                       ~~~~~~~~~~^^^^^^^^^^^^
FileNotFoundError: [Errno 2] No such file or directory: '/dev/shm'

🧪 StreamUpdates Test
==================================================
   Connecting to Node 1 (port 8080)...
   ✅ Connected to Node 1
   Connecting to Node 2 (port 8081)...
   ✅ Connected to Node 2

   Triggering updates by modifying node state...
   ✅ Node 1 state updated

   Testing shared memory write/read...

❌ Test failed: [Errno 2] No such file or directory: '/dev/shm'

[1;33mCleaning up...[0m
✅ Cleanup complete
[FAILED] StreamUpdates Test
========================================
[2025-11-22 00:26:57] Running: Go Tests
========================================
🧪 Testing Go Node
==================
Project root: /Users/abhinavnehra/Downloads/Learning_AI/WGT
Go directory: /Users/abhinavnehra/Downloads/Learning_AI/WGT/go

1. Testing build...
[0;32m✅ Build successful[0m

2. Checking binary...
[0;32m✅ Binary created[0m

3. Testing help command...
[0;32m✅ Help command works[0m

4. Testing port availability...
[0;32m✅ Port 8080 is available[0m

5. Checking schema file...
[0;32m✅ Schema file exists at /Users/abhinavnehra/Downloads/Learning_AI/WGT/go/schema/schema.capnp[0m

[0;32m✅ All Go tests passed![0m
[PASSED] Go Tests

========================================
[2025-11-22 00:26:58] Running: Python Tests
========================================
🧪 Testing Python Component
===========================
Project root: /Users/abhinavnehra/Downloads/Learning_AI/WGT
Python directory: /Users/abhinavnehra/Downloads/Learning_AI/WGT/python

1. Checking Python version...
   Python version: 3.14.0
[0;32m✅ Python version OK[0m

2. Checking dependencies...
[0;32m✅ requirements.txt exists[0m
[1;33m⚠️  Click not installed (run: pip install -r requirements.txt)[0m

3. Checking module structure...
[0;32m✅ src/__init__.py exists[0m
[0;32m✅ src/client/go_client.py exists[0m
[0;32m✅ src/data/timeseries.py exists[0m
[0;32m✅ src/ai/cnn_model.py exists[0m
[0;32m✅ src/cli.py exists[0m

4. Testing Python syntax...
[0;32m✅ go_client.py syntax OK[0m
[0;32m✅ timeseries.py syntax OK[0m
[0;32m✅ peer_health.py syntax OK[0m
[0;32m✅ cnn_model.py syntax OK[0m

5. Testing CLI...
[1;33m⚠️  CLI help test skipped (dependencies may not be installed)[0m

6. Checking PyTorch...
PyTorch 2.9.1
[1;33m⚠️  PyTorch available but CUDA not available (will use CPU)[0m

[0;32m✅ All Python tests passed![0m
[1;33mNote: Some features require dependencies. Install with: pip install -r requirements.txt[0m
[PASSED] Python Tests

========================================
[2025-11-22 00:27:00] Running: Rust Tests
========================================
======================================
Pangea Rust Node - Test Suite
======================================
1. Checking Rust installation...
✓ Rust version: rustc 1.89.0 (29483883e 2025-08-04)

2. Checking for Cap'n Proto...
✓ Cap'n Proto version: Cap'n Proto version 1.2.0

3. Building Rust node...
warning: pangea-rust-node@0.1.0: Cap'n Proto schema compiled successfully
warning: unused import: `std::path::Path`
  --> src/ces.rs:11:5
   |
11 | use std::path::Path;
   |     ^^^^^^^^^^^^^^^
   |
   = note: `#[warn(unused_imports)]` on by default

warning: type `HealingStatus` is more private than the item `AutoHealer::get_healing_status`
   --> src/auto_heal.rs:321:5
    |
321 |     pub async fn get_healing_status(&self) -> Vec<HealingStatus> {
    |     ^^^^^^^^^^^^^^^^^^^^^^^^^^^^^^^^^^^^^^^^^^^^^^^^^^^^^^^^^^^^ method `AutoHealer::get_healing_status` is reachable at visibility `pub`
    |
note: but type `HealingStatus` is only usable at visibility `pub(self)`
   --> src/auto_heal.rs:42:1
    |
42  | struct HealingStatus {
    | ^^^^^^^^^^^^^^^^^^^^
    = note: `#[warn(private_interfaces)]` on by default

warning: method `compress` is never used
   --> src/ces.rs:118:8
    |
23  | impl CesPipeline {
    | ---------------- method in this implementation
...
118 |     fn compress(&self, data: &[u8]) -> Result<Vec<u8>> {
    |        ^^^^^^^^
    |
    = note: `#[warn(dead_code)]` on by default

warning: field `timestamp` is never read
  --> src/cache.rs:37:5
   |
35 | struct CachedShard {
   |        ----------- field in this struct
36 |     data: Vec<u8>,
37 |     timestamp: i64,
   |     ^^^^^^^^^
   |
   = note: `CachedShard` has derived impls for the traits `Clone` and `Debug`, but these are intentionally ignored during dead code analysis

warning: fields `file_hash`, `current_copies`, and `needed_copies` are never read
  --> src/auto_heal.rs:43:5
   |
42 | struct HealingStatus {
   |        ------------- fields in this struct
43 |     file_hash: String,
   |     ^^^^^^^^^
44 |     current_copies: usize,
   |     ^^^^^^^^^^^^^^
45 |     needed_copies: usize,
   |     ^^^^^^^^^^^^^
   |
   = note: `HealingStatus` has derived impls for the traits `Clone` and `Debug`, but these are intentionally ignored during dead code analysis

warning: field `go_client` is never read
  --> src/auto_heal.rs:55:5
   |
51 | pub struct AutoHealer {
   |            ---------- field in this struct
...
55 |     go_client: Arc<GoClient>,
   |     ^^^^^^^^^

warning: `pangea-rust-node` (lib) generated 6 warnings (run `cargo fix --lib -p pangea-rust-node` to apply 1 suggestion)
   Compiling pangea-rust-node v0.1.0 (/Users/abhinavnehra/Downloads/Learning_AI/WGT/rust)
    Finished `release` profile [optimized] target(s) in 6.59s
✓ Build successful

4. Running unit tests...
warning: pangea-rust-node@0.1.0: Cap'n Proto schema compiled successfully
warning: unused import: `std::path::Path`
  --> src/ces.rs:11:5
   |
11 | use std::path::Path;
   |     ^^^^^^^^^^^^^^^
   |
   = note: `#[warn(unused_imports)]` on by default

warning: unused variable: `upload`
   --> src/upload.rs:134:13
    |
134 |         let upload = UploadProtocol::new(ces, go_client);
    |             ^^^^^^ help: if this is intentional, prefix it with an underscore: `_upload`
    |
    = note: `#[warn(unused_variables)]` on by default

warning: unused variable: `download`
   --> src/download.rs:157:13
    |
157 |         let download = DownloadProtocol::new(ces, go_client);
    |             ^^^^^^^^ help: if this is intentional, prefix it with an underscore: `_download`

warning: type `HealingStatus` is more private than the item `AutoHealer::get_healing_status`
   --> src/auto_heal.rs:321:5
    |
321 |     pub async fn get_healing_status(&self) -> Vec<HealingStatus> {
    |     ^^^^^^^^^^^^^^^^^^^^^^^^^^^^^^^^^^^^^^^^^^^^^^^^^^^^^^^^^^^^ method `AutoHealer::get_healing_status` is reachable at visibility `pub`
    |
note: but type `HealingStatus` is only usable at visibility `pub(self)`
   --> src/auto_heal.rs:42:1
    |
42  | struct HealingStatus {
    | ^^^^^^^^^^^^^^^^^^^^
    = note: `#[warn(private_interfaces)]` on by default

warning: field `timestamp` is never read
  --> src/cache.rs:37:5
   |
35 | struct CachedShard {
   |        ----------- field in this struct
36 |     data: Vec<u8>,
37 |     timestamp: i64,
   |     ^^^^^^^^^
   |
   = note: `CachedShard` has derived impls for the traits `Clone` and `Debug`, but these are intentionally ignored during dead code analysis
   = note: `#[warn(dead_code)]` on by default

warning: fields `file_hash`, `current_copies`, and `needed_copies` are never read
  --> src/auto_heal.rs:43:5
   |
42 | struct HealingStatus {
   |        ------------- fields in this struct
43 |     file_hash: String,
   |     ^^^^^^^^^
44 |     current_copies: usize,
   |     ^^^^^^^^^^^^^^
45 |     needed_copies: usize,
   |     ^^^^^^^^^^^^^
   |
   = note: `HealingStatus` has derived impls for the traits `Clone` and `Debug`, but these are intentionally ignored during dead code analysis

warning: field `go_client` is never read
  --> src/auto_heal.rs:55:5
   |
51 | pub struct AutoHealer {
   |            ---------- field in this struct
...
55 |     go_client: Arc<GoClient>,
   |     ^^^^^^^^^

warning: `pangea-rust-node` (lib test) generated 7 warnings (run `cargo fix --lib -p pangea-rust-node --tests` to apply 1 suggestion)
    Finished `release` profile [optimized] target(s) in 0.17s
     Running unittests src/lib.rs (target/release/deps/pangea_ces-fd280b84059c23e5)

running 19 tests
test auto_heal::tests::test_config_defaults ... ok
test ces::tests::test_encryption ... ok
test ces::tests::test_sharding ... ok
test cache::tests::test_cache_eviction ... ok
test file_detector::tests::test_compression_levels ... ok
test file_detector::tests::test_extension_detection ... ok
test file_detector::tests::test_file_type_names ... ok
test file_detector::tests::test_magic_bytes ... ok
test cache::tests::test_shard_cache ... ok
test go_client::tests::test_go_client_creation ... ok
test firewall::tests::test_firewall_allowlist ... ok
test ces::tests::test_compression ... ok
test cache::tests::test_manifest_cache ... ok
test lookup::tests::test_lookup_cached_file ... ok
test ces::tests::test_full_pipeline ... ok
test ffi::tests::test_ffi_roundtrip ... ok
test lookup::tests::test_search_files ... ok
test download::tests::test_download_protocol_creation ... ok
test upload::tests::test_upload_protocol_creation ... ok

test result: ok. 19 passed; 0 failed; 0 ignored; 0 measured; 0 filtered out; finished in 0.26s

✓ Unit tests passed

5. Running integration tests...
warning: pangea-rust-node@0.1.0: Cap'n Proto schema compiled successfully
   Compiling pangea-rust-node v0.1.0 (/Users/abhinavnehra/Downloads/Learning_AI/WGT/rust)
warning: unused import: `std::path::Path`
  --> src/ces.rs:11:5
   |
11 | use std::path::Path;
   |     ^^^^^^^^^^^^^^^
   |
   = note: `#[warn(unused_imports)]` on by default

warning: type `HealingStatus` is more private than the item `AutoHealer::get_healing_status`
   --> src/auto_heal.rs:321:5
    |
321 |     pub async fn get_healing_status(&self) -> Vec<HealingStatus> {
    |     ^^^^^^^^^^^^^^^^^^^^^^^^^^^^^^^^^^^^^^^^^^^^^^^^^^^^^^^^^^^^ method `AutoHealer::get_healing_status` is reachable at visibility `pub`
    |
note: but type `HealingStatus` is only usable at visibility `pub(self)`
   --> src/auto_heal.rs:42:1
    |
42  | struct HealingStatus {
    | ^^^^^^^^^^^^^^^^^^^^
    = note: `#[warn(private_interfaces)]` on by default

warning: method `compress` is never used
   --> src/ces.rs:118:8
    |
23  | impl CesPipeline {
    | ---------------- method in this implementation
...
118 |     fn compress(&self, data: &[u8]) -> Result<Vec<u8>> {
    |        ^^^^^^^^
    |
    = note: `#[warn(dead_code)]` on by default

warning: field `timestamp` is never read
  --> src/cache.rs:37:5
   |
35 | struct CachedShard {
   |        ----------- field in this struct
36 |     data: Vec<u8>,
37 |     timestamp: i64,
   |     ^^^^^^^^^
   |
   = note: `CachedShard` has derived impls for the traits `Clone` and `Debug`, but these are intentionally ignored during dead code analysis

warning: fields `file_hash`, `current_copies`, and `needed_copies` are never read
  --> src/auto_heal.rs:43:5
   |
42 | struct HealingStatus {
   |        ------------- fields in this struct
43 |     file_hash: String,
   |     ^^^^^^^^^
44 |     current_copies: usize,
   |     ^^^^^^^^^^^^^^
45 |     needed_copies: usize,
   |     ^^^^^^^^^^^^^
   |
   = note: `HealingStatus` has derived impls for the traits `Clone` and `Debug`, but these are intentionally ignored during dead code analysis

warning: field `go_client` is never read
  --> src/auto_heal.rs:55:5
   |
51 | pub struct AutoHealer {
   |            ---------- field in this struct
...
55 |     go_client: Arc<GoClient>,
   |     ^^^^^^^^^

warning: `pangea-rust-node` (lib) generated 6 warnings (run `cargo fix --lib -p pangea-rust-node` to apply 1 suggestion)
    Finished `release` profile [optimized] target(s) in 10.85s
     Running tests/integration_test.rs (target/release/deps/integration_test-d4234ead00f4f1cf)

running 7 tests
test integration_tests::test_health_scoring ... ok
test integration_tests::test_node_store ... ok
test integration_tests::test_firewall ... ok
test integration_tests::test_dht_node_creation ... ok
test integration_tests::test_quic_network_creation ... ok
test integration_tests::test_capabilities_probe ... ok
test integration_tests::test_ces_config_adaptive ... ok

test result: ok. 7 passed; 0 failed; 0 ignored; 0 measured; 0 filtered out; finished in 0.26s

✓ Integration tests passed

6. Checking binary...
✓ Binary exists: target/release/pangea-rust-node
  Size:  11M

7. Testing binary help...
✓ Binary runs correctly

======================================
✅ All tests passed!
======================================

Quick start:
  cd rust
  cargo run --release -- --node-id 1

With custom ports:
  cargo run --release -- --node-id 1 --p2p-addr 127.0.0.1:9090 --rpc-addr 127.0.0.1:8080

[PASSED] Rust Tests

========================================
[2025-11-22 00:27:19] Running: Integration Tests
========================================
Project root: /Users/abhinavnehra/Downloads/Learning_AI/WGT
Go directory: /Users/abhinavnehra/Downloads/Learning_AI/WGT/go
Python directory: /Users/abhinavnehra/Downloads/Learning_AI/WGT/python
Schema path: /Users/abhinavnehra/Downloads/Learning_AI/WGT/go/schema/schema.capnp
🧪 Full System Integration Test
================================
This test will:
  1. Start a Go node
  2. Test Python connection
  3. Test RPC calls
  4. Test peer connections

[0;34m1. Building Go node...[0m
[0;32m✅ Go node built[0m

[0;34m2. Checking port availability...[0m
[0;32m✅ Port 8080 is available[0m

[0;34m3. Starting Go node...[0m
   Go node PID: 20201
   Waiting for Go node to start...
[0;32m✅ Go node is listening on port 8080[0m
[0;32m✅ Python test script created[0m

[0;34m5. Running Python connectivity tests...[0m
   Using venv Python: /Users/abhinavnehra/Downloads/Learning_AI/WGT/python/.venv/bin/python

🧪 Python Connectivity Tests
========================================
   Testing connection...
   ✅ Connected to Go node
   Testing getAllNodes()...
   ✅ Got 1 nodes
      Node 1: latency=0.0ms, threat=0.000
   Testing getNode(1)...
   ✅ Got node 1
   Testing updateThreatScore(1, 0.75)...
   ✅ Updated threat score
   Testing getConnectedPeers()...
   ✅ Got 0 connected peers: []
   Testing getConnectionQuality(1)...
   ✅ Got quality: latency=0.00ms, jitter=0.00ms

📊 Results: 5/5 tests passed
✅ All connectivity tests passed!
[0;32m✅ Python connectivity tests passed[0m

[0;34m6. Testing peer connection...[0m
   (This would require a second Go node instance)
[1;33m⚠️  Peer connection test skipped (requires second node)[0m

[0;34m7. Testing message sending...[0m
[1;33m⚠️  Message sending test skipped (no peers)[0m

[0;32m✅ All integration tests passed![0m
[0;34mGo node was running with PID: 20201[0m
[0;34mLogs available at: /tmp/go-node.log[0m

[0;34mCleaning up...[0m
[PASSED] Integration Tests

========================================
[2025-11-22 00:27:24] Running: StreamUpdates Test
========================================
🧪 Testing StreamUpdates with Shared Memory Ring Buffer
========================================================
Using venv Python: /Users/abhinavnehra/Downloads/Learning_AI/WGT/python/.venv/bin/python
1. Building Go node...
[0;32m✅ Go node built[0m

2. Starting Node 1 (port 8080)...
   Node 1 PID: 20237
[0;32m✅ Node 1 listening on port 8080[0m

3. Starting Node 2 (port 8081)...
   Node 2 PID: 20248
[0;32m✅ Node 2 listening on port 8081[0m

4. Running StreamUpdates test...

🧪 StreamUpdates Test
==================================================
   Connecting to Node 1 (port 8080)...
   ✅ Connected to Node 1
   Connecting to Node 2 (port 8081)...
   ✅ Connected to Node 2

   Triggering updates by modifying node state...
   ✅ Node 1 state updated

   Testing shared memory write/read...
   ℹ️  Shared memory test skipped (platform: Darwin)
   ℹ️  (Infrastructure ready, waiting for data transfer use case)

   Testing StreamUpdates call...
   ✅ StreamUpdates call initiated successfully
   Note: Full streaming test requires async stream consumption

   Verifying node state across instances...
   Node 1 has 1 nodes
   Node 2 has 1 nodes
      Node 1: latency=70.0ms, threat=0.700

📊 StreamUpdates Test Complete

[0;32m✅ StreamUpdates test passed![0m

5. Node logs:
   Node 1 log (last 20 lines):
      2025/11/22 00:27:30 main.go:107: 📊 Connected peers: 0
      2025/11/22 00:27:30 main.go:107: 📊 Connected peers: 0
      2025/11/22 00:27:30 main.go:107: 📊 Connected peers: 0
      2025/11/22 00:27:30 main.go:107: 📊 Connected peers: 0
      2025/11/22 00:27:30 main.go:107: 📊 Connected peers: 0
      2025/11/22 00:27:30 main.go:107: 📊 Connected peers: 0
      2025/11/22 00:27:30 main.go:107: 📊 Connected peers: 0
      2025/11/22 00:27:30 main.go:107: 📊 Connected peers: 0
      2025/11/22 00:27:30 main.go:107: 📊 Connected peers: 0
      2025/11/22 00:27:30 main.go:107: 📊 Connected peers: 0
      2025/11/22 00:27:30 main.go:107: 📊 Connected peers: 0
      2025/11/22 00:27:30 main.go:107: 📊 Connected peers: 0
      2025/11/22 00:27:30 main.go:107: 📊 Connected peers: 0
      2025/11/22 00:27:30 main.go:107: 📊 Connected peers: 0
      2025/11/22 00:27:30 main.go:107: 📊 Connected peers: 0
      2025/11/22 00:27:30 main.go:107: 📊 Connected peers: 0
      2025/11/22 00:27:30 main.go:107: 📊 Connected peers: 0
      2025/11/22 00:27:30 main.go:107: 📊 Connected peers: 0
      2025/11/22 00:27:30 main.go:107: 📊 Connected peers: 0
      2025/11/22 00:27:30 main.go:107: 📊 Connected peers: 0
      2025/11/22 00:27:30 main.go:107: 📊 Connected peers: 0
      2025/11/22 00:27:30 main.go:107: 📊 Connected peers: 0
      2025/11/22 00:27:30 main.go:107: 📊 Connected peers: 0
      2025/11/22 00:27:30 main.go:107: 📊 Connected peers: 0
      2025/11/22 00:27:30 main.go:107: 📊 Connected peers: 0

   Node 2 log (last 20 lines):
      2025/11/22 00:27:30 main.go:107: 📊 Connected peers: 0
      2025/11/22 00:27:30 main.go:107: 📊 Connected peers: 0
      2025/11/22 00:27:30 main.go:107: 📊 Connected peers: 0
      2025/11/22 00:27:30 main.go:107: 📊 Connected peers: 0
      2025/11/22 00:27:30 main.go:107: 📊 Connected peers: 0
      2025/11/22 00:27:30 main.go:107: 📊 Connected peers: 0
      2025/11/22 00:27:30 main.go:107: 📊 Connected peers: 0
      2025/11/22 00:27:30 main.go:107: 📊 Connected peers: 0
      2025/11/22 00:27:30 main.go:107: 📊 Connected peers: 0
      2025/11/22 00:27:30 main.go:107: 📊 Connected peers: 0
      2025/11/22 00:27:30 main.go:107: 📊 Connected peers: 0
      2025/11/22 00:27:30 main.go:107: 📊 Connected peers: 0
      2025/11/22 00:27:30 main.go:107: 📊 Connected peers: 0
      2025/11/22 00:27:30 main.go:107: 📊 Connected peers: 0
      2025/11/22 00:27:30 main.go:107: 📊 Connected peers: 0
      2025/11/22 00:27:30 main.go:107: 📊 Connected peers: 0
      2025/11/22 00:27:30 main.go:107: 📊 Connected peers: 0
      2025/11/22 00:27:30 main.go:107: 📊 Connected peers: 0
      2025/11/22 00:27:30 main.go:107: 📊 Connected peers: 0
      2025/11/22 00:27:30 main.go:107: 📊 Connected peers: 0
      2025/11/22 00:27:30 main.go:107: 📊 Connected peers: 0
      2025/11/22 00:27:30 main.go:107: 📊 Connected peers: 0
      2025/11/22 00:27:30 main.go:107: 📊 Connected peers: 0
      2025/11/22 00:27:30 main.go:107: 📊 Connected peers: 0
      2025/11/22 00:27:30 main.go:107: 📊 Connected peers: 0
      2025/11/22 00:27:30 main.go:107: 📊 Connected peers: 0
      2025/11/22 00:27:30 main.go:107: 📊 Connected peers: 0
      2025/11/22 00:27:30 main.go:107: 📊 Connected peers: 0
      2025/11/22 00:27:30 main.go:107: 📊 Connected peers: 0
      2025/11/22 00:27:30 main.go:107: 📊 Connected peers: 0
      2025/11/22 00:27:30 main.go:107: 📊 Connected peers: 0
      2025/11/22 00:27:30 main.go:107: 📊 Connected peers: 0
      2025/11/22 00:27:30 main.go:107: 📊 Connected peers: 0
      2025/11/22 00:27:30 main.go:107: 📊 Connected peers: 0
      2025/11/22 00:27:30 main.go:107: 📊 Connected peers: 0
      2025/11/22 00:27:30 main.go:107: 📊 Connected peers: 0
      2025/11/22 00:27:30 main.go:107: 📊 Connected peers: 0
      2025/11/22 00:27:30 main.go:107: 📊 Connected peers: 0
      2025/11/22 00:27:30 main.go:107: 📊 Connected peers: 0
      2025/11/22 00:27:30 main.go:107: 📊 Connected peers: 0
      2025/11/22 00:27:30 main.go:107: 📊 Connected peers: 0
      2025/11/22 00:27:30 main.go:107: 📊 Connected peers: 0
      2025/11/22 00:27:30 main.go:107: 📊 Connected peers: 0
      2025/11/22 00:27:30 main.go:107: 📊 Connected peers: 0
      2025/11/22 00:27:30 main.go:107: 📊 Connected peers: 0
      2025/11/22 00:27:30 main.go:107: 📊 Connected peers: 0

6. Final shared memory state:

[1;33mCleaning up...[0m
✅ Cleanup complete
[PASSED] StreamUpdates Test

========================================
[2025-11-22 00:27:42] Running: Go Tests
========================================
🧪 Testing Go Node
==================
Project root: /Users/abhinavnehra/Downloads/Learning_AI/WGT
Go directory: /Users/abhinavnehra/Downloads/Learning_AI/WGT/go

1. Testing build...
[0;32m✅ Build successful[0m

2. Checking binary...
[0;32m✅ Binary created[0m

3. Testing help command...
[0;32m✅ Help command works[0m

4. Testing port availability...
[0;32m✅ Port 8080 is available[0m

5. Checking schema file...
[0;32m✅ Schema file exists at /Users/abhinavnehra/Downloads/Learning_AI/WGT/go/schema/schema.capnp[0m

[0;32m✅ All Go tests passed![0m
[PASSED] Go Tests

========================================
[2025-11-22 00:27:43] Running: Python Tests
========================================
🧪 Testing Python Component
===========================
Project root: /Users/abhinavnehra/Downloads/Learning_AI/WGT
Python directory: /Users/abhinavnehra/Downloads/Learning_AI/WGT/python

1. Checking Python version...
   Python version: 3.14.0
[0;32m✅ Python version OK[0m

2. Checking dependencies...
[0;32m✅ requirements.txt exists[0m
[1;33m⚠️  Click not installed (run: pip install -r requirements.txt)[0m

3. Checking module structure...
[0;32m✅ src/__init__.py exists[0m
[0;32m✅ src/client/go_client.py exists[0m
[0;32m✅ src/data/timeseries.py exists[0m
[0;32m✅ src/ai/cnn_model.py exists[0m
[0;32m✅ src/cli.py exists[0m

4. Testing Python syntax...
[0;32m✅ go_client.py syntax OK[0m
[0;32m✅ timeseries.py syntax OK[0m
[0;32m✅ peer_health.py syntax OK[0m
[0;32m✅ cnn_model.py syntax OK[0m

5. Testing CLI...
[1;33m⚠️  CLI help test skipped (dependencies may not be installed)[0m

6. Checking PyTorch...
PyTorch 2.9.1
[1;33m⚠️  PyTorch available but CUDA not available (will use CPU)[0m

[0;32m✅ All Python tests passed![0m
[1;33mNote: Some features require dependencies. Install with: pip install -r requirements.txt[0m
[PASSED] Python Tests

========================================
[2025-11-22 00:27:45] Running: Rust Tests
========================================
======================================
Pangea Rust Node - Test Suite
======================================
1. Checking Rust installation...
✓ Rust version: rustc 1.89.0 (29483883e 2025-08-04)

2. Checking for Cap'n Proto...
✓ Cap'n Proto version: Cap'n Proto version 1.2.0

3. Building Rust node...
warning: pangea-rust-node@0.1.0: Cap'n Proto schema compiled successfully
warning: unused import: `std::path::Path`
  --> src/ces.rs:11:5
   |
11 | use std::path::Path;
   |     ^^^^^^^^^^^^^^^
   |
   = note: `#[warn(unused_imports)]` on by default

warning: type `HealingStatus` is more private than the item `AutoHealer::get_healing_status`
   --> src/auto_heal.rs:321:5
    |
321 |     pub async fn get_healing_status(&self) -> Vec<HealingStatus> {
    |     ^^^^^^^^^^^^^^^^^^^^^^^^^^^^^^^^^^^^^^^^^^^^^^^^^^^^^^^^^^^^ method `AutoHealer::get_healing_status` is reachable at visibility `pub`
    |
note: but type `HealingStatus` is only usable at visibility `pub(self)`
   --> src/auto_heal.rs:42:1
    |
42  | struct HealingStatus {
    | ^^^^^^^^^^^^^^^^^^^^
    = note: `#[warn(private_interfaces)]` on by default

warning: method `compress` is never used
   --> src/ces.rs:118:8
    |
23  | impl CesPipeline {
    | ---------------- method in this implementation
...
118 |     fn compress(&self, data: &[u8]) -> Result<Vec<u8>> {
    |        ^^^^^^^^
    |
    = note: `#[warn(dead_code)]` on by default

warning: field `timestamp` is never read
  --> src/cache.rs:37:5
   |
35 | struct CachedShard {
   |        ----------- field in this struct
36 |     data: Vec<u8>,
37 |     timestamp: i64,
   |     ^^^^^^^^^
   |
   = note: `CachedShard` has derived impls for the traits `Clone` and `Debug`, but these are intentionally ignored during dead code analysis

warning: fields `file_hash`, `current_copies`, and `needed_copies` are never read
  --> src/auto_heal.rs:43:5
   |
42 | struct HealingStatus {
   |        ------------- fields in this struct
43 |     file_hash: String,
   |     ^^^^^^^^^
44 |     current_copies: usize,
   |     ^^^^^^^^^^^^^^
45 |     needed_copies: usize,
   |     ^^^^^^^^^^^^^
   |
   = note: `HealingStatus` has derived impls for the traits `Clone` and `Debug`, but these are intentionally ignored during dead code analysis

warning: field `go_client` is never read
  --> src/auto_heal.rs:55:5
   |
51 | pub struct AutoHealer {
   |            ---------- field in this struct
...
55 |     go_client: Arc<GoClient>,
   |     ^^^^^^^^^

warning: `pangea-rust-node` (lib) generated 6 warnings (run `cargo fix --lib -p pangea-rust-node` to apply 1 suggestion)
   Compiling pangea-rust-node v0.1.0 (/Users/abhinavnehra/Downloads/Learning_AI/WGT/rust)
    Finished `release` profile [optimized] target(s) in 6.37s
✓ Build successful

4. Running unit tests...
warning: pangea-rust-node@0.1.0: Cap'n Proto schema compiled successfully
warning: unused import: `std::path::Path`
  --> src/ces.rs:11:5
   |
11 | use std::path::Path;
   |     ^^^^^^^^^^^^^^^
   |
   = note: `#[warn(unused_imports)]` on by default

warning: unused variable: `upload`
   --> src/upload.rs:134:13
    |
134 |         let upload = UploadProtocol::new(ces, go_client);
    |             ^^^^^^ help: if this is intentional, prefix it with an underscore: `_upload`
    |
    = note: `#[warn(unused_variables)]` on by default

warning: unused variable: `download`
   --> src/download.rs:157:13
    |
157 |         let download = DownloadProtocol::new(ces, go_client);
    |             ^^^^^^^^ help: if this is intentional, prefix it with an underscore: `_download`

warning: type `HealingStatus` is more private than the item `AutoHealer::get_healing_status`
   --> src/auto_heal.rs:321:5
    |
321 |     pub async fn get_healing_status(&self) -> Vec<HealingStatus> {
    |     ^^^^^^^^^^^^^^^^^^^^^^^^^^^^^^^^^^^^^^^^^^^^^^^^^^^^^^^^^^^^ method `AutoHealer::get_healing_status` is reachable at visibility `pub`
    |
note: but type `HealingStatus` is only usable at visibility `pub(self)`
   --> src/auto_heal.rs:42:1
    |
42  | struct HealingStatus {
    | ^^^^^^^^^^^^^^^^^^^^
    = note: `#[warn(private_interfaces)]` on by default

warning: field `timestamp` is never read
  --> src/cache.rs:37:5
   |
35 | struct CachedShard {
   |        ----------- field in this struct
36 |     data: Vec<u8>,
37 |     timestamp: i64,
   |     ^^^^^^^^^
   |
   = note: `CachedShard` has derived impls for the traits `Clone` and `Debug`, but these are intentionally ignored during dead code analysis
   = note: `#[warn(dead_code)]` on by default

warning: fields `file_hash`, `current_copies`, and `needed_copies` are never read
  --> src/auto_heal.rs:43:5
   |
42 | struct HealingStatus {
   |        ------------- fields in this struct
43 |     file_hash: String,
   |     ^^^^^^^^^
44 |     current_copies: usize,
   |     ^^^^^^^^^^^^^^
45 |     needed_copies: usize,
   |     ^^^^^^^^^^^^^
   |
   = note: `HealingStatus` has derived impls for the traits `Clone` and `Debug`, but these are intentionally ignored during dead code analysis

warning: field `go_client` is never read
  --> src/auto_heal.rs:55:5
   |
51 | pub struct AutoHealer {
   |            ---------- field in this struct
...
55 |     go_client: Arc<GoClient>,
   |     ^^^^^^^^^

warning: `pangea-rust-node` (lib test) generated 7 warnings (run `cargo fix --lib -p pangea-rust-node --tests` to apply 1 suggestion)
    Finished `release` profile [optimized] target(s) in 0.15s
     Running unittests src/lib.rs (target/release/deps/pangea_ces-fd280b84059c23e5)

running 19 tests
test auto_heal::tests::test_config_defaults ... ok
test ces::tests::test_encryption ... ok
test cache::tests::test_cache_eviction ... ok
test cache::tests::test_shard_cache ... ok
test ces::tests::test_sharding ... ok
test file_detector::tests::test_compression_levels ... ok
test file_detector::tests::test_extension_detection ... ok
test file_detector::tests::test_file_type_names ... ok
test file_detector::tests::test_magic_bytes ... ok
test firewall::tests::test_firewall_allowlist ... ok
test go_client::tests::test_go_client_creation ... ok
test ces::tests::test_compression ... ok
test cache::tests::test_manifest_cache ... ok
test lookup::tests::test_lookup_cached_file ... ok
test ffi::tests::test_ffi_roundtrip ... ok
test ces::tests::test_full_pipeline ... ok
test lookup::tests::test_search_files ... ok
test download::tests::test_download_protocol_creation ... ok
test upload::tests::test_upload_protocol_creation ... ok

test result: ok. 19 passed; 0 failed; 0 ignored; 0 measured; 0 filtered out; finished in 0.24s

✓ Unit tests passed

5. Running integration tests...
warning: pangea-rust-node@0.1.0: Cap'n Proto schema compiled successfully
   Compiling pangea-rust-node v0.1.0 (/Users/abhinavnehra/Downloads/Learning_AI/WGT/rust)
warning: unused import: `std::path::Path`
  --> src/ces.rs:11:5
   |
11 | use std::path::Path;
   |     ^^^^^^^^^^^^^^^
   |
   = note: `#[warn(unused_imports)]` on by default

warning: type `HealingStatus` is more private than the item `AutoHealer::get_healing_status`
   --> src/auto_heal.rs:321:5
    |
321 |     pub async fn get_healing_status(&self) -> Vec<HealingStatus> {
    |     ^^^^^^^^^^^^^^^^^^^^^^^^^^^^^^^^^^^^^^^^^^^^^^^^^^^^^^^^^^^^ method `AutoHealer::get_healing_status` is reachable at visibility `pub`
    |
note: but type `HealingStatus` is only usable at visibility `pub(self)`
   --> src/auto_heal.rs:42:1
    |
42  | struct HealingStatus {
    | ^^^^^^^^^^^^^^^^^^^^
    = note: `#[warn(private_interfaces)]` on by default

warning: method `compress` is never used
   --> src/ces.rs:118:8
    |
23  | impl CesPipeline {
    | ---------------- method in this implementation
...
118 |     fn compress(&self, data: &[u8]) -> Result<Vec<u8>> {
    |        ^^^^^^^^
    |
    = note: `#[warn(dead_code)]` on by default

warning: field `timestamp` is never read
  --> src/cache.rs:37:5
   |
35 | struct CachedShard {
   |        ----------- field in this struct
36 |     data: Vec<u8>,
37 |     timestamp: i64,
   |     ^^^^^^^^^
   |
   = note: `CachedShard` has derived impls for the traits `Clone` and `Debug`, but these are intentionally ignored during dead code analysis

warning: fields `file_hash`, `current_copies`, and `needed_copies` are never read
  --> src/auto_heal.rs:43:5
   |
42 | struct HealingStatus {
   |        ------------- fields in this struct
43 |     file_hash: String,
   |     ^^^^^^^^^
44 |     current_copies: usize,
   |     ^^^^^^^^^^^^^^
45 |     needed_copies: usize,
   |     ^^^^^^^^^^^^^
   |
   = note: `HealingStatus` has derived impls for the traits `Clone` and `Debug`, but these are intentionally ignored during dead code analysis

warning: field `go_client` is never read
  --> src/auto_heal.rs:55:5
   |
51 | pub struct AutoHealer {
   |            ---------- field in this struct
...
55 |     go_client: Arc<GoClient>,
   |     ^^^^^^^^^

warning: `pangea-rust-node` (lib) generated 6 warnings (run `cargo fix --lib -p pangea-rust-node` to apply 1 suggestion)
    Finished `release` profile [optimized] target(s) in 10.76s
     Running tests/integration_test.rs (target/release/deps/integration_test-d4234ead00f4f1cf)

running 7 tests
test integration_tests::test_health_scoring ... ok
test integration_tests::test_node_store ... ok
test integration_tests::test_firewall ... ok
test integration_tests::test_dht_node_creation ... ok
test integration_tests::test_quic_network_creation ... ok
test integration_tests::test_ces_config_adaptive ... ok
test integration_tests::test_capabilities_probe ... ok

test result: ok. 7 passed; 0 failed; 0 ignored; 0 measured; 0 filtered out; finished in 0.25s

✓ Integration tests passed

6. Checking binary...
✓ Binary exists: target/release/pangea-rust-node
  Size:  11M

7. Testing binary help...
✓ Binary runs correctly

======================================
✅ All tests passed!
======================================

Quick start:
  cd rust
  cargo run --release -- --node-id 1

With custom ports:
  cargo run --release -- --node-id 1 --p2p-addr 127.0.0.1:9090 --rpc-addr 127.0.0.1:8080

[PASSED] Rust Tests

========================================
[2025-11-22 00:28:03] Running: Integration Tests
========================================
Project root: /Users/abhinavnehra/Downloads/Learning_AI/WGT
Go directory: /Users/abhinavnehra/Downloads/Learning_AI/WGT/go
Python directory: /Users/abhinavnehra/Downloads/Learning_AI/WGT/python
Schema path: /Users/abhinavnehra/Downloads/Learning_AI/WGT/go/schema/schema.capnp
🧪 Full System Integration Test
================================
This test will:
  1. Start a Go node
  2. Test Python connection
  3. Test RPC calls
  4. Test peer connections

[0;34m1. Building Go node...[0m
[0;32m✅ Go node built[0m

[0;34m2. Checking port availability...[0m
[0;32m✅ Port 8080 is available[0m

[0;34m3. Starting Go node...[0m
   Go node PID: 20551
   Waiting for Go node to start...
[0;32m✅ Go node is listening on port 8080[0m
[0;32m✅ Python test script created[0m

[0;34m5. Running Python connectivity tests...[0m
   Using venv Python: /Users/abhinavnehra/Downloads/Learning_AI/WGT/python/.venv/bin/python

🧪 Python Connectivity Tests
========================================
   Testing connection...
   ✅ Connected to Go node
   Testing getAllNodes()...
   ✅ Got 1 nodes
      Node 1: latency=0.0ms, threat=0.000
   Testing getNode(1)...
   ✅ Got node 1
   Testing updateThreatScore(1, 0.75)...
   ✅ Updated threat score
   Testing getConnectedPeers()...
   ✅ Got 0 connected peers: []
   Testing getConnectionQuality(1)...
   ✅ Got quality: latency=0.00ms, jitter=0.00ms

📊 Results: 5/5 tests passed
✅ All connectivity tests passed!
[0;32m✅ Python connectivity tests passed[0m

[0;34m6. Testing peer connection...[0m
   (This would require a second Go node instance)
[1;33m⚠️  Peer connection test skipped (requires second node)[0m

[0;34m7. Testing message sending...[0m
[1;33m⚠️  Message sending test skipped (no peers)[0m

[0;32m✅ All integration tests passed![0m
[0;34mGo node was running with PID: 20551[0m
[0;34mLogs available at: /tmp/go-node.log[0m

[0;34mCleaning up...[0m
[PASSED] Integration Tests

========================================
[2025-11-22 00:28:08] Running: StreamUpdates Test
========================================
🧪 Testing StreamUpdates with Shared Memory Ring Buffer
========================================================
Using venv Python: /Users/abhinavnehra/Downloads/Learning_AI/WGT/python/.venv/bin/python
1. Building Go node...
[0;32m✅ Go node built[0m

2. Starting Node 1 (port 8080)...
   Node 1 PID: 20587
[0;32m✅ Node 1 listening on port 8080[0m

3. Starting Node 2 (port 8081)...
   Node 2 PID: 20599
[0;32m✅ Node 2 listening on port 8081[0m

4. Running StreamUpdates test...

🧪 StreamUpdates Test
==================================================
   Connecting to Node 1 (port 8080)...
   ✅ Connected to Node 1
   Connecting to Node 2 (port 8081)...
   ✅ Connected to Node 2

   Triggering updates by modifying node state...
   ✅ Node 1 state updated

   Testing shared memory write/read...
   ℹ️  Shared memory test skipped (platform: Darwin)
   ℹ️  (Infrastructure ready, waiting for data transfer use case)

   Testing StreamUpdates call...
   ✅ StreamUpdates call initiated successfully
   Note: Full streaming test requires async stream consumption

   Verifying node state across instances...
   Node 1 has 1 nodes
   Node 2 has 1 nodes
      Node 1: latency=70.0ms, threat=0.700

📊 StreamUpdates Test Complete

[0;32m✅ StreamUpdates test passed![0m

5. Node logs:
   Node 1 log (last 20 lines):
      2025/11/22 00:28:14 main.go:107: 📊 Connected peers: 0
      2025/11/22 00:28:14 main.go:107: 📊 Connected peers: 0
      2025/11/22 00:28:14 main.go:107: 📊 Connected peers: 0
      2025/11/22 00:28:14 main.go:107: 📊 Connected peers: 0
      2025/11/22 00:28:14 main.go:107: 📊 Connected peers: 0
      2025/11/22 00:28:14 main.go:107: 📊 Connected peers: 0
      2025/11/22 00:28:14 main.go:107: 📊 Connected peers: 0
      2025/11/22 00:28:14 main.go:107: 📊 Connected peers: 0
      2025/11/22 00:28:14 main.go:107: 📊 Connected peers: 0
      2025/11/22 00:28:14 main.go:107: 📊 Connected peers: 0
      2025/11/22 00:28:14 main.go:107: 📊 Connected peers: 0
      2025/11/22 00:28:14 main.go:107: 📊 Connected peers: 0
      2025/11/22 00:28:14 main.go:107: 📊 Connected peers: 0
      2025/11/22 00:28:14 main.go:107: 📊 Connected peers: 0
      2025/11/22 00:28:14 main.go:107: 📊 Connected peers: 0
      2025/11/22 00:28:14 main.go:107: 📊 Connected peers: 0
      2025/11/22 00:28:14 main.go:107: 📊 Connected peers: 0
      2025/11/22 00:28:14 main.go:107: 📊 Connected peers: 0
      2025/11/22 00:28:14 main.go:107: 📊 Connected peers: 0
      2025/11/22 00:28:14 main.go:107: 📊 Connected peers: 0
      2025/11/22 00:28:14 main.go:107: 📊 Connected peers: 0
      2025/11/22 00:28:14 main.go:107: 📊 Connected peers: 0
      2025/11/22 00:28:14 main.go:107: 📊 Connected peers: 0
      2025/11/22 00:28:14 main.go:107: 📊 Connected peers: 0
      2025/11/22 00:28:14 main.go:107: 📊 Connected peers: 0

   Node 2 log (last 20 lines):
      2025/11/22 00:28:14 main.go:107: 📊 Connected peers: 0
      2025/11/22 00:28:14 main.go:107: 📊 Connected peers: 0
      2025/11/22 00:28:14 main.go:107: 📊 Connected peers: 0
      2025/11/22 00:28:14 main.go:107: 📊 Connected peers: 0
      2025/11/22 00:28:14 main.go:107: 📊 Connected peers: 0
      2025/11/22 00:28:14 main.go:107: 📊 Connected peers: 0
      2025/11/22 00:28:14 main.go:107: 📊 Connected peers: 0
      2025/11/22 00:28:14 main.go:107: 📊 Connected peers: 0
      2025/11/22 00:28:14 main.go:107: 📊 Connected peers: 0
      2025/11/22 00:28:14 main.go:107: 📊 Connected peers: 0
      2025/11/22 00:28:14 main.go:107: 📊 Connected peers: 0
      2025/11/22 00:28:14 main.go:107: 📊 Connected peers: 0
      2025/11/22 00:28:14 main.go:107: 📊 Connected peers: 0
      2025/11/22 00:28:14 main.go:107: 📊 Connected peers: 0
      2025/11/22 00:28:14 main.go:107: 📊 Connected peers: 0
      2025/11/22 00:28:14 main.go:107: 📊 Connected peers: 0
      2025/11/22 00:28:14 main.go:107: 📊 Connected peers: 0
      2025/11/22 00:28:14 main.go:107: 📊 Connected peers: 0
      2025/11/22 00:28:14 main.go:107: 📊 Connected peers: 0
      2025/11/22 00:28:14 main.go:107: 📊 Connected peers: 0
      2025/11/22 00:28:14 main.go:107: 📊 Connected peers: 0
      2025/11/22 00:28:14 main.go:107: 📊 Connected peers: 0
      2025/11/22 00:28:14 main.go:107: 📊 Connected peers: 0
      2025/11/22 00:28:14 main.go:107: 📊 Connected peers: 0
      2025/11/22 00:28:14 main.go:107: 📊 Connected peers: 0
      2025/11/22 00:28:14 main.go:107: 📊 Connected peers: 0

6. Final shared memory state:

[1;33mCleaning up...[0m
✅ Cleanup complete
[PASSED] StreamUpdates Test

